[war3nobu.wltw.org/index.html]
[backblue.gif]
[fade.gif]
[index.html]
[war3nobu.wltw.org/img/og_image.jpg]
[war3nobu.wltw.org/css/reset.css]
[war3nobu.wltw.org/css/style.css]
[war3nobu.wltw.org/css/champion.css]
[war3nobu.wltw.org/css/store.css]
[war3nobu.wltw.org/css/menu.css]
[war3nobu.wltw.org/css/ui.totop.css]
[war3nobu.wltw.org/css/mobile.css]
[ajax.googleapis.com/ajax/libs/jquery/1.4/jquery.min.js]
[war3nobu.wltw.org/jquery-1.4.3.min.js]
[war3nobu.wltw.org/fancybox/jquery.mousewheel-3.0.4.pack.js]
[war3nobu.wltw.org/fancybox/jquery.fancybox-1.3.4.pack.js]
[war3nobu.wltw.org/fancybox/jquery.fancybox-1.3.4.css]
[war3nobu.wltw.org/css/component.css]
[war3nobu.wltw.org/js/modernizr.custom.js]
[ajax.googleapis.com/ajax/libs/jquery/1.9.1/jquery.min.js]
[war3nobu.wltw.org/js/jquery.dlmenu.js]
[war3nobu.wltw.org/js/jquery.js]
[war3nobu.wltw.org/js/function.js]
[war3nobu.wltw.org/js/jquery-1.7.2.min.js]
[war3nobu.wltw.org/js/easing.js]
[war3nobu.wltw.org/js/jquery.ui.totop.js]
[war3nobu.wltw.org/champion1.html]
[war3nobu.wltw.org/champion2.html]
[war3nobu.wltw.org/champion3.html]
[war3nobu.wltw.org/store1.html]
[war3nobu.wltw.org/store2.html]
[war3nobu.wltw.org/store3.html]
[war3nobu.wltw.org/store4.html]
[war3nobu.wltw.org/store5.html]
[war3nobu.wltw.org/otherstore1.html]
[war3nobu.wltw.org/otherstore2.html]
[war3nobu.wltw.org/otherstore3.html]
[war3nobu.wltw.org/otherstore4.html]
[war3nobu.wltw.org/otherstore5.html]
[war3nobu.wltw.org/otherstore6.html]
[war3nobu.wltw.org/otherstore7.html]
[war3nobu.wltw.org/craft1.html]
[war3nobu.wltw.org/craft2.html]
[war3nobu.wltw.org/craft3.html]
[war3nobu.wltw.org/craft4.html]
[war3nobu.wltw.org/craft5.html]
[war3nobu.wltw.org/army1.html]
[war3nobu.wltw.org/army2.html]
[war3nobu.wltw.org/army3.html]
[war3nobu.wltw.org/army4.html]
[war3nobu.wltw.org/info1.html]
[war3nobu.wltw.org/info2.html]
[war3nobu.wltw.org/info3.html]
[war3nobu.wltw.org/img/qrocde.png]
[war3nobu.wltw.org/about.html]
[war3nobu.wltw.org/sitemap.html]
[war3nobu.wltw.org/contact.html]
[war3nobu.wltw.org/index.html]
[war3nobu.wltw.org/css/reset.css]
[war3nobu.wltw.org/img/banner.png]
[war3nobu.wltw.org/img/menu_bk.png]
[war3nobu.wltw.org/img/nobu_title.png]
[war3nobu.wltw.org/img/index/patch.png]
[war3nobu.wltw.org/img/index/link_btn.png]
[war3nobu.wltw.org/img/index/title1.png]
[war3nobu.wltw.org/img/index/title2.png]
[war3nobu.wltw.org/img/footer_bk.png]
[war3nobu.wltw.org/img/404.jpg]
[war3nobu.wltw.org/css/style.css]
[war3nobu.wltw.org/img/champion/champion_title.png]
[war3nobu.wltw.org/img/champion/ct_map1.png]
[war3nobu.wltw.org/img/champion/ct_map2.png]
[war3nobu.wltw.org/img/champion/ct_map3.png]
[war3nobu.wltw.org/img/champion/cate.gif]
[war3nobu.wltw.org/css/champion.css]
[war3nobu.wltw.org/img/white_shadow.png]
[war3nobu.wltw.org/img/store/store_title.png]
[war3nobu.wltw.org/img/store/otherstore_title.png]
[war3nobu.wltw.org/img/store/otherstore_map1.png]
[war3nobu.wltw.org/img/store/otherstore_map2.png]
[war3nobu.wltw.org/img/store/otherstore_map3.png]
[war3nobu.wltw.org/img/store/otherstore_map4.png]
[war3nobu.wltw.org/img/store/otherstore_map5.png]
[war3nobu.wltw.org/img/store/otherstore_map6.png]
[war3nobu.wltw.org/img/store/otherstore_map7.png]
[war3nobu.wltw.org/img/craft/craft_title.png]
[war3nobu.wltw.org/img/arm/arm_title.png]
[war3nobu.wltw.org/img/info/info_title.png]
[war3nobu.wltw.org/img/store/icon.png]
[war3nobu.wltw.org/img/store/htc_icon.png]
[war3nobu.wltw.org/img/store/htc_icon_hover.png]
[war3nobu.wltw.org/img/store/htc_ct.png]
[war3nobu.wltw.org/img/store/htc_ct2.png]
[war3nobu.wltw.org/img/store/add.png]
[war3nobu.wltw.org/img/craft/allcraf_grid.jpg]
[war3nobu.wltw.org/img/arm/lvup_icon.png]
[war3nobu.wltw.org/img/arm/revive_icon.png]
[war3nobu.wltw.org/img/arm/lvup_hr.png]
[war3nobu.wltw.org/img/arm/num.png]
[war3nobu.wltw.org/img/arm/horse.png]
[war3nobu.wltw.org/img/arm/house_skill.jpg]
[war3nobu.wltw.org/img/info/info_icon.png]
[war3nobu.wltw.org/img/info/mega.png]
[war3nobu.wltw.org/img/info/garena.png]
[war3nobu.wltw.org/css/store.css]
[war3nobu.wltw.org/img/menu_btn.png]
[war3nobu.wltw.org/img/menu_btn_hover.gif]
[war3nobu.wltw.org/images/arrow.png]
[war3nobu.wltw.org/404.html]
[war3nobu.wltw.org/css/menu.css]
[war3nobu.wltw.org/img/ui.totop.png]
[war3nobu.wltw.org/css/ui.totop.css]
[war3nobu.wltw.org/img/mb_nav_title.png]
[war3nobu.wltw.org/img/mb_select.jpg]
[war3nobu.wltw.org/img/index/mb_patch.png]
[war3nobu.wltw.org/img/index/mb_title2.png]
[war3nobu.wltw.org/img/index/mb_title1.png]
[war3nobu.wltw.org/img/champion/mb_champion_title1.png]
[war3nobu.wltw.org/img/champion/mb_champion_title2.png]
[war3nobu.wltw.org/img/champion/mb_champion_title3.png]
[war3nobu.wltw.org/img/mb_menuwrapper_arrow.png]
[war3nobu.wltw.org/img/mb_menuwrapper_arrowup.png]
[war3nobu.wltw.org/img/champion/mb_moredata.jpg]
[war3nobu.wltw.org/img/champion/mb_cate_icon_srt.png]
[war3nobu.wltw.org/img/champion/mb_cate_icon_agi.png]
[war3nobu.wltw.org/img/champion/mb_cate_icon_int.png]
[war3nobu.wltw.org/img/champion/mb_cp_s_cm.png]
[war3nobu.wltw.org/img/champion/mb_cp_s_cd.png]
[war3nobu.wltw.org/img/champion/mb_cp_s_ch.png]
[war3nobu.wltw.org/img/store/mb_st_a.png]
[war3nobu.wltw.org/img/store/mb_st_b.png]
[war3nobu.wltw.org/img/store/mb_st_c.png]
[war3nobu.wltw.org/img/store/mb_st_d.png]
[war3nobu.wltw.org/img/store/mb_st_e.png]
[war3nobu.wltw.org/img/store/mb_ost_a.png]
[war3nobu.wltw.org/img/store/mb_ost_b.png]
[war3nobu.wltw.org/img/store/mb_ost_c.png]
[war3nobu.wltw.org/img/store/mb_ost_d.png]
[war3nobu.wltw.org/img/store/mb_ost_e.png]
[war3nobu.wltw.org/img/store/mb_ost_f.png]
[war3nobu.wltw.org/img/store/mb_ost_g.png]
[war3nobu.wltw.org/img/craft/mb_crt_a.png]
[war3nobu.wltw.org/img/craft/mb_crt_b.png]
[war3nobu.wltw.org/img/craft/mb_crt_c.png]
[war3nobu.wltw.org/img/craft/mb_crt_d.png]
[war3nobu.wltw.org/img/craft/mb_crt_e.png]
[war3nobu.wltw.org/img/arm/mb_art_a.png]
[war3nobu.wltw.org/img/arm/mb_art_b.png]
[war3nobu.wltw.org/img/arm/mb_art_c.png]
[war3nobu.wltw.org/img/arm/mb_art_d.png]
[war3nobu.wltw.org/img/info/mb_info_a.png]
[war3nobu.wltw.org/img/info/mb_info_b.png]
[war3nobu.wltw.org/img/info/mb_info_c.png]
[war3nobu.wltw.org/img/store/mb_icon_h.png]
[war3nobu.wltw.org/img/store/mb_icon_p.png]
[war3nobu.wltw.org/img/store/mb_icon_cm.png]
[war3nobu.wltw.org/img/store/mb_icon_cd.png]
[war3nobu.wltw.org/img/store/mb_icon_t.png]
[war3nobu.wltw.org/img/store/mb_icon_f.png]
[war3nobu.wltw.org/img/store/mb_icon_ct.png]
[war3nobu.wltw.org/img/store/mb_icon_hor.png]
[war3nobu.wltw.org/img/store/mb_icon_hp.png]
[war3nobu.wltw.org/img/store/mb_icon_spd.png]
[war3nobu.wltw.org/img/store/mb_icon_arm.png]
[war3nobu.wltw.org/img/store/mb_icon_armn.png]
[war3nobu.wltw.org/img/store/mb_icon_bg.png]
[war3nobu.wltw.org/img/store/mb_icon_tac.png]
[war3nobu.wltw.org/img/arm/mb_lvup_hr.png]
[war3nobu.wltw.org/img/arm/mb_lvup_icon.png]
[war3nobu.wltw.org/img/arm/mb_arm_map2.png]
[war3nobu.wltw.org/img/arm/mb_revive_icon.png]
[war3nobu.wltw.org/img/info/mb_info_icon_a.png]
[war3nobu.wltw.org/img/info/mb_info_icon_b.png]
[war3nobu.wltw.org/img/info/mb_info_icon_c.png]
[war3nobu.wltw.org/img/info/mb_info_icon_d.png]
[war3nobu.wltw.org/img/info/mb_info_icon_e.png]
[war3nobu.wltw.org/img/info/mb_info_icon_f.png]
[war3nobu.wltw.org/img/info/mb_info_icon_g.png]
[war3nobu.wltw.org/img/info/mb_info_icon_h.png]
[war3nobu.wltw.org/img/info/mb_info_icon_i.png]
[war3nobu.wltw.org/img/info/mb_info_icon_j.png]
[war3nobu.wltw.org/img/info/mb_info_icon_l.png]
[war3nobu.wltw.org/img/mb_ui.totop.png]
[war3nobu.wltw.org/img/mb_ui.totop_hover.png]
[war3nobu.wltw.org/css/mobile.css]
[war3nobu.wltw.org/jquery-1.4.3.min.js]
[war3nobu.wltw.org/fancybox/jquery.mousewheel-3.0.4.pack.js]
[war3nobu.wltw.org/fancybox/jquery.fancybox-1.3.4.pack.js]
[war3nobu.wltw.org/fancybox/fancybox.png]
[war3nobu.wltw.org/fancybox/fancy_close2.png]
[war3nobu.wltw.org/fancybox/fancy_close2_hover.png]
[war3nobu.wltw.org/fancybox/blank.gif]
[war3nobu.wltw.org/fancybox/fancybox-x.png]
[war3nobu.wltw.org/fancybox/fancybox-y.png]
[war3nobu.wltw.org/fancybox/fancy_title_over.png]
[war3nobu.wltw.org/fancybox/fancybox/fancy_close.png]
[war3nobu.wltw.org/fancybox/fancybox/fancy_nav_left.png]
[war3nobu.wltw.org/fancybox/fancybox/fancy_nav_right.png]
[war3nobu.wltw.org/fancybox/fancybox/fancy_title_over.png]
[war3nobu.wltw.org/fancybox/fancybox/fancy_title_left.png]
[war3nobu.wltw.org/fancybox/fancybox/fancy_title_main.png]
[war3nobu.wltw.org/fancybox/fancybox/fancy_title_right.png]
[war3nobu.wltw.org/fancybox/fancybox/fancy_loading.png]
[war3nobu.wltw.org/fancybox/fancybox/fancy_shadow_n.png]
[war3nobu.wltw.org/fancybox/fancybox/fancy_shadow_ne.png]
[war3nobu.wltw.org/fancybox/fancybox/fancy_shadow_e.png]
[war3nobu.wltw.org/fancybox/fancybox/fancy_shadow_se.png]
[war3nobu.wltw.org/fancybox/fancybox/fancy_shadow_s.png]
[war3nobu.wltw.org/fancybox/fancybox/fancy_shadow_sw.png]
[war3nobu.wltw.org/fancybox/fancybox/fancy_shadow_w.png]
[war3nobu.wltw.org/fancybox/fancybox/fancy_shadow_nw.png]
[war3nobu.wltw.org/fancybox/jquery.fancybox-1.3.4.css]
[war3nobu.wltw.org/img/dropdown.png]
[war3nobu.wltw.org/css/component.css]
[war3nobu.wltw.org/js/modernizr.custom.js]
[war3nobu.wltw.org/js/jquery.dlmenu.js]
[war3nobu.wltw.org/js/jquery.js]
[war3nobu.wltw.org/js/function.js]
[war3nobu.wltw.org/js/jquery-1.7.2.min.js]
[war3nobu.wltw.org/js/easing.js]
[war3nobu.wltw.org/js/jquery.ui.totop.js]
[war3nobu.wltw.org/cp_a01.html]
[war3nobu.wltw.org/img/champion/cpa_a01.gif]
[war3nobu.wltw.org/cp_a02.html]
[war3nobu.wltw.org/img/champion/cpa_a02.gif]
[war3nobu.wltw.org/cp_a03.html]
[war3nobu.wltw.org/img/champion/cpa_a03.gif]
[war3nobu.wltw.org/cp_a04.html]
[war3nobu.wltw.org/img/champion/cpa_a04.gif]
[war3nobu.wltw.org/cp_a05.html]
[war3nobu.wltw.org/img/champion/cpa_a05.gif]
[war3nobu.wltw.org/cp_a06.html]
[war3nobu.wltw.org/img/champion/cpa_a06.gif]
[war3nobu.wltw.org/cp_a07.html]
[war3nobu.wltw.org/img/champion/cpa_a07.gif]
[war3nobu.wltw.org/cp_a08.html]
[war3nobu.wltw.org/img/champion/cpa_a08.gif]
[war3nobu.wltw.org/cp_a09.html]
[war3nobu.wltw.org/img/champion/cpa_a09.gif]
[war3nobu.wltw.org/cp_a10.html]
[war3nobu.wltw.org/img/champion/cpa_a10.gif]
[war3nobu.wltw.org/cp_a11.html]
[war3nobu.wltw.org/img/champion/cpa_a11.gif]
[war3nobu.wltw.org/cp_a12.html]
[war3nobu.wltw.org/img/champion/cpa_a12.gif]
[war3nobu.wltw.org/cp_b01.html]
[war3nobu.wltw.org/img/champion/cpa_b01.gif]
[war3nobu.wltw.org/cp_b02.html]
[war3nobu.wltw.org/img/champion/cpa_b02.gif]
[war3nobu.wltw.org/cp_b03.html]
[war3nobu.wltw.org/img/champion/cpa_b03.gif]
[war3nobu.wltw.org/cp_b04.html]
[war3nobu.wltw.org/img/champion/cpa_b04.gif]
[war3nobu.wltw.org/cp_b05.html]
[war3nobu.wltw.org/img/champion/cpa_b05.gif]
[war3nobu.wltw.org/cp_b06.html]
[war3nobu.wltw.org/img/champion/cpa_b06.gif]
[war3nobu.wltw.org/cp_b07.html]
[war3nobu.wltw.org/img/champion/cpa_b07.gif]
[war3nobu.wltw.org/cp_b08.html]
[war3nobu.wltw.org/img/champion/cpa_b08.gif]
[war3nobu.wltw.org/cp_b09.html]
[war3nobu.wltw.org/img/champion/cpa_b09.gif]
[war3nobu.wltw.org/cp_b10.html]
[war3nobu.wltw.org/img/champion/cpa_b10.gif]
[war3nobu.wltw.org/cp_b11.html]
[war3nobu.wltw.org/img/champion/cpa_b11.gif]
[war3nobu.wltw.org/cp_b12.html]
[war3nobu.wltw.org/img/champion/cpa_b12.gif]
[war3nobu.wltw.org/cp_c01.html]
[war3nobu.wltw.org/img/champion/cpa_c01.gif]
[war3nobu.wltw.org/cp_c02.html]
[war3nobu.wltw.org/img/champion/cpa_c02.gif]
[war3nobu.wltw.org/cp_c03.html]
[war3nobu.wltw.org/img/champion/cpa_c03.gif]
[war3nobu.wltw.org/cp_c04.html]
[war3nobu.wltw.org/img/champion/cpa_c04.gif]
[war3nobu.wltw.org/cp_c05.html]
[war3nobu.wltw.org/img/champion/cpa_c05.gif]
[war3nobu.wltw.org/cp_c06.html]
[war3nobu.wltw.org/img/champion/cpa_c06.gif]
[war3nobu.wltw.org/cp_c07.html]
[war3nobu.wltw.org/img/champion/cpa_c07.gif]
[war3nobu.wltw.org/cp_c08.html]
[war3nobu.wltw.org/img/champion/cpa_c08.gif]
[war3nobu.wltw.org/cp_c09.html]
[war3nobu.wltw.org/img/champion/cpa_c09.gif]
[war3nobu.wltw.org/cp_c10.html]
[war3nobu.wltw.org/img/champion/cpa_c10.gif]
[war3nobu.wltw.org/cp_c11.html]
[war3nobu.wltw.org/img/champion/cpa_c11.gif]
[war3nobu.wltw.org/cp_c12.html]
[war3nobu.wltw.org/img/champion/cpa_c12.gif]
[war3nobu.wltw.org/champion1.html]
[war3nobu.wltw.org/cp_d01.html]
[war3nobu.wltw.org/img/champion/cpa_d01.gif]
[war3nobu.wltw.org/cp_d02.html]
[war3nobu.wltw.org/img/champion/cpa_d02.gif]
[war3nobu.wltw.org/cp_d03.html]
[war3nobu.wltw.org/img/champion/cpa_d03.gif]
[war3nobu.wltw.org/cp_d04.html]
[war3nobu.wltw.org/img/champion/cpa_d04.gif]
[war3nobu.wltw.org/cp_d05.html]
[war3nobu.wltw.org/img/champion/cpa_d05.gif]
[war3nobu.wltw.org/cp_d06.html]
[war3nobu.wltw.org/img/champion/cpa_d06.gif]
[war3nobu.wltw.org/cp_d07.html]
[war3nobu.wltw.org/img/champion/cpa_d07.gif]
[war3nobu.wltw.org/cp_d08.html]
[war3nobu.wltw.org/img/champion/cpa_d08.gif]
[war3nobu.wltw.org/cp_d09.html]
[war3nobu.wltw.org/img/champion/cpa_d09.gif]
[war3nobu.wltw.org/cp_d10.html]
[war3nobu.wltw.org/img/champion/cpa_d10.gif]
[war3nobu.wltw.org/cp_d11.html]
[war3nobu.wltw.org/img/champion/cpa_d11.gif]
[war3nobu.wltw.org/cp_d12.html]
[war3nobu.wltw.org/img/champion/cpa_d12.gif]
[war3nobu.wltw.org/cp_e01.html]
[war3nobu.wltw.org/img/champion/cpa_e01.gif]
[war3nobu.wltw.org/cp_e02.html]
[war3nobu.wltw.org/img/champion/cpa_e02.gif]
[war3nobu.wltw.org/cp_e03.html]
[war3nobu.wltw.org/img/champion/cpa_e03.gif]
[war3nobu.wltw.org/cp_e04.html]
[war3nobu.wltw.org/img/champion/cpa_e04.gif]
[war3nobu.wltw.org/cp_e05.html]
[war3nobu.wltw.org/img/champion/cpa_e05.gif]
[war3nobu.wltw.org/cp_e06.html]
[war3nobu.wltw.org/img/champion/cpa_e06.gif]
[war3nobu.wltw.org/cp_e07.html]
[war3nobu.wltw.org/img/champion/cpa_e07.gif]
[war3nobu.wltw.org/cp_e08.html]
[war3nobu.wltw.org/img/champion/cpa_e08.gif]
[war3nobu.wltw.org/cp_e09.html]
[war3nobu.wltw.org/img/champion/cpa_e09.gif]
[war3nobu.wltw.org/cp_e10.html]
[war3nobu.wltw.org/img/champion/cpa_e10.gif]
[war3nobu.wltw.org/cp_e11.html]
[war3nobu.wltw.org/img/champion/cpa_e11.gif]
[war3nobu.wltw.org/cp_e12.html]
[war3nobu.wltw.org/img/champion/cpa_e12.gif]
[war3nobu.wltw.org/cp_f01.html]
[war3nobu.wltw.org/img/champion/cpa_f01.gif]
[war3nobu.wltw.org/cp_f02.html]
[war3nobu.wltw.org/img/champion/cpa_f02.gif]
[war3nobu.wltw.org/cp_f03.html]
[war3nobu.wltw.org/img/champion/cpa_f03.gif]
[war3nobu.wltw.org/cp_f04.html]
[war3nobu.wltw.org/img/champion/cpa_f04.gif]
[war3nobu.wltw.org/cp_f05.html]
[war3nobu.wltw.org/img/champion/cpa_f05.gif]
[war3nobu.wltw.org/cp_f06.html]
[war3nobu.wltw.org/img/champion/cpa_f06.gif]
[war3nobu.wltw.org/cp_f07.html]
[war3nobu.wltw.org/img/champion/cpa_f07.gif]
[war3nobu.wltw.org/cp_f08.html]
[war3nobu.wltw.org/img/champion/cpa_f08.gif]
[war3nobu.wltw.org/cp_f09.html]
[war3nobu.wltw.org/img/champion/cpa_f09.gif]
[war3nobu.wltw.org/cp_f10.html]
[war3nobu.wltw.org/img/champion/cpa_f10.gif]
[war3nobu.wltw.org/cp_f11.html]
[war3nobu.wltw.org/img/champion/cpa_f11.gif]
[war3nobu.wltw.org/cp_f12.html]
[war3nobu.wltw.org/img/champion/cpa_f12.gif]
[war3nobu.wltw.org/champion2.html]
[war3nobu.wltw.org/cp_g01.html]
[war3nobu.wltw.org/img/champion/cpa_g01.gif]
[war3nobu.wltw.org/cp_g02.html]
[war3nobu.wltw.org/img/champion/cpa_g02.gif]
[war3nobu.wltw.org/cp_g03.html]
[war3nobu.wltw.org/img/champion/cpa_g03.gif]
[war3nobu.wltw.org/cp_g04.html]
[war3nobu.wltw.org/img/champion/cpa_g04.gif]
[war3nobu.wltw.org/cp_g05.html]
[war3nobu.wltw.org/img/champion/cpa_g05.gif]
[war3nobu.wltw.org/cp_g06.html]
[war3nobu.wltw.org/img/champion/cpa_g06.gif]
[war3nobu.wltw.org/cp_g07.html]
[war3nobu.wltw.org/img/champion/cpa_g07.gif]
[war3nobu.wltw.org/cp_g08.html]
[war3nobu.wltw.org/img/champion/cpa_g08.gif]
[war3nobu.wltw.org/cp_g09.html]
[war3nobu.wltw.org/img/champion/cpa_g09.gif]
[war3nobu.wltw.org/cp_g10.html]
[war3nobu.wltw.org/img/champion/cpa_g10.gif]
[war3nobu.wltw.org/cp_g11.html]
[war3nobu.wltw.org/img/champion/cpa_g11.gif]
[war3nobu.wltw.org/cp_g12.html]
[war3nobu.wltw.org/img/champion/cpa_g12.gif]
[war3nobu.wltw.org/cp_h01.html]
[war3nobu.wltw.org/img/champion/cpa_h01.gif]
[war3nobu.wltw.org/cp_h02.html]
[war3nobu.wltw.org/img/champion/cpa_h02.gif]
[war3nobu.wltw.org/cp_h03.html]
[war3nobu.wltw.org/img/champion/cpa_h03.gif]
[war3nobu.wltw.org/cp_h04.html]
[war3nobu.wltw.org/img/champion/cpa_h04.gif]
[war3nobu.wltw.org/cp_h05.html]
[war3nobu.wltw.org/img/champion/cpa_h05.gif]
[war3nobu.wltw.org/cp_h06.html]
[war3nobu.wltw.org/img/champion/cpa_h06.gif]
[war3nobu.wltw.org/cp_h07.html]
[war3nobu.wltw.org/img/champion/cpa_h07.gif]
[war3nobu.wltw.org/cp_h08.html]
[war3nobu.wltw.org/img/champion/cpa_h08.gif]
[war3nobu.wltw.org/cp_h09.html]
[war3nobu.wltw.org/img/champion/cpa_h09.gif]
[war3nobu.wltw.org/cp_h10.html]
[war3nobu.wltw.org/img/champion/cpa_h10.gif]
[war3nobu.wltw.org/cp_h11.html]
[war3nobu.wltw.org/img/champion/cpa_h11.gif]
[war3nobu.wltw.org/cp_h12.html]
[war3nobu.wltw.org/img/champion/cpa_h12.gif]
[war3nobu.wltw.org/champion3.html]
[war3nobu.wltw.org/img/store/st_a01.gif]
[war3nobu.wltw.org/img/store/st_a02.gif]
[war3nobu.wltw.org/img/store/st_a03.gif]
[war3nobu.wltw.org/img/store/st_a04.gif]
[war3nobu.wltw.org/img/store/st_a05.gif]
[war3nobu.wltw.org/img/item_none.gif]
[war3nobu.wltw.org/img/store/st_a09.gif]
[war3nobu.wltw.org/store1.html]
[war3nobu.wltw.org/img/store/st_b01.gif]
[war3nobu.wltw.org/img/store/st_b02.gif]
[war3nobu.wltw.org/img/store/st_b04.gif]
[war3nobu.wltw.org/img/store/st_b05.gif]
[war3nobu.wltw.org/img/store/st_b06.gif]
[war3nobu.wltw.org/img/store/st_b08.gif]
[war3nobu.wltw.org/img/store/st_b09.gif]
[war3nobu.wltw.org/store2.html]
[war3nobu.wltw.org/img/store/st_c01.gif]
[war3nobu.wltw.org/img/store/st_c02.gif]
[war3nobu.wltw.org/img/store/st_c03.gif]
[war3nobu.wltw.org/img/store/st_c04.gif]
[war3nobu.wltw.org/img/store/st_c05.gif]
[war3nobu.wltw.org/img/store/st_c06.gif]
[war3nobu.wltw.org/img/store/st_c09.gif]
[war3nobu.wltw.org/store3.html]
[war3nobu.wltw.org/img/store/st_d01.gif]
[war3nobu.wltw.org/img/store/st_d02.gif]
[war3nobu.wltw.org/img/store/st_d03.gif]
[war3nobu.wltw.org/img/store/st_d04.gif]
[war3nobu.wltw.org/img/store/st_d05.gif]
[war3nobu.wltw.org/img/store/st_d06.gif]
[war3nobu.wltw.org/img/store/st_d07.gif]
[war3nobu.wltw.org/img/store/st_d08.gif]
[war3nobu.wltw.org/img/store/st_d09.gif]
[war3nobu.wltw.org/img/store/st_d10.gif]
[war3nobu.wltw.org/img/store/st_d11.gif]
[war3nobu.wltw.org/store4.html]
[war3nobu.wltw.org/img/store/st_e01.gif]
[war3nobu.wltw.org/img/store/st_e02.gif]
[war3nobu.wltw.org/img/store/st_e03.gif]
[war3nobu.wltw.org/img/store/st_e04.gif]
[war3nobu.wltw.org/img/store/st_e05.gif]
[war3nobu.wltw.org/img/store/st_e06.gif]
[war3nobu.wltw.org/img/store/st_e07.gif]
[war3nobu.wltw.org/img/store/st_e08.gif]
[war3nobu.wltw.org/img/store/st_e09.gif]
[war3nobu.wltw.org/store5.html]
[war3nobu.wltw.org/img/store/ost_a01.gif]
[war3nobu.wltw.org/img/store/ost_a02.gif]
[war3nobu.wltw.org/img/store/ost_a03.gif]
[war3nobu.wltw.org/img/store/ost_a04.gif]
[war3nobu.wltw.org/img/store/ost_a09.gif]
[war3nobu.wltw.org/otherstore1.html]
[war3nobu.wltw.org/img/store/ost_b01.gif]
[war3nobu.wltw.org/img/store/ost_b03.gif]
[war3nobu.wltw.org/img/store/ost_b04.gif]
[war3nobu.wltw.org/otherstore2.html]
[war3nobu.wltw.org/img/store/ost_c01.gif]
[war3nobu.wltw.org/img/store/ost_c02.gif]
[war3nobu.wltw.org/img/store/ost_c05.gif]
[war3nobu.wltw.org/img/store/ost_c06.gif]
[war3nobu.wltw.org/img/store/ost_c07.gif]
[war3nobu.wltw.org/img/store/ost_c08.gif]
[war3nobu.wltw.org/img/store/ost_c09.gif]
[war3nobu.wltw.org/img/store/ost_c10.gif]
[war3nobu.wltw.org/img/store/ost_c11.gif]
[war3nobu.wltw.org/img/store/ost_c12.gif]
[war3nobu.wltw.org/otherstore3.html]
[war3nobu.wltw.org/img/store/ost_d01.gif]
[war3nobu.wltw.org/img/store/ost_d02.gif]
[war3nobu.wltw.org/img/store/ost_d03.gif]
[war3nobu.wltw.org/img/store/ost_d04.gif]
[war3nobu.wltw.org/img/store/ost_d05.gif]
[war3nobu.wltw.org/img/store/ost_d06.gif]
[war3nobu.wltw.org/img/store/ost_d07.gif]
[war3nobu.wltw.org/img/store/ost_d08.gif]
[war3nobu.wltw.org/img/store/ost_d09.gif]
[war3nobu.wltw.org/otherstore4.html]
[war3nobu.wltw.org/img/store/ost_e01.gif]
[war3nobu.wltw.org/img/store/ost_e02.gif]
[war3nobu.wltw.org/img/store/ost_e04.gif]
[war3nobu.wltw.org/otherstore5.html]
[war3nobu.wltw.org/img/store/ost_f01.gif]
[war3nobu.wltw.org/img/store/ost_f02.gif]
[war3nobu.wltw.org/img/store/ost_f03.gif]
[war3nobu.wltw.org/otherstore6.html]
[war3nobu.wltw.org/img/store/ost_g01.gif]
[war3nobu.wltw.org/otherstore7.html]
[war3nobu.wltw.org/img/craft/ct_a01.gif]
[war3nobu.wltw.org/img/craft/ct_a02.gif]
[war3nobu.wltw.org/img/craft/ct_a03.gif]
[war3nobu.wltw.org/img/craft/ct_a04.gif]
[war3nobu.wltw.org/img/craft/ct_a05.gif]
[war3nobu.wltw.org/img/craft/ct_a06.gif]
[war3nobu.wltw.org/img/craft/ct_a07.gif]
[war3nobu.wltw.org/img/craft/ct_a08.gif]
[war3nobu.wltw.org/img/craft/ct_a09.gif]
[war3nobu.wltw.org/img/craft/ct_a10.gif]
[war3nobu.wltw.org/img/craft/ct_a11.gif]
[war3nobu.wltw.org/img/craft/ct_b01.gif]
[war3nobu.wltw.org/img/craft/ct_b02.gif]
[war3nobu.wltw.org/img/craft/ct_b03.gif]
[war3nobu.wltw.org/img/craft/ct_b04.gif]
[war3nobu.wltw.org/img/craft/ct_b05.gif]
[war3nobu.wltw.org/img/craft/ct_b06.gif]
[war3nobu.wltw.org/img/craft/ct_b07.gif]
[war3nobu.wltw.org/img/craft/ct_b09.gif]
[war3nobu.wltw.org/img/craft/ct_b10.gif]
[war3nobu.wltw.org/img/craft/ct_b11.gif]
[war3nobu.wltw.org/img/craft/ct_b12.gif]
[war3nobu.wltw.org/craft1.html]
[war3nobu.wltw.org/img/craft/ct_c01.gif]
[war3nobu.wltw.org/img/craft/ct_c02.gif]
[war3nobu.wltw.org/img/craft/ct_c03.gif]
[war3nobu.wltw.org/img/craft/ct_c05.gif]
[war3nobu.wltw.org/img/craft/ct_c06.gif]
[war3nobu.wltw.org/img/craft/ct_c07.gif]
[war3nobu.wltw.org/img/craft/ct_c08.gif]
[war3nobu.wltw.org/img/craft/ct_c09.gif]
[war3nobu.wltw.org/img/craft/ct_c10.gif]
[war3nobu.wltw.org/img/craft/ct_c11.gif]
[war3nobu.wltw.org/img/craft/ct_c12.gif]
[war3nobu.wltw.org/craft2.html]
[war3nobu.wltw.org/img/craft/ct_d01.gif]
[war3nobu.wltw.org/img/craft/ct_d02.gif]
[war3nobu.wltw.org/img/craft/ct_d03.gif]
[war3nobu.wltw.org/img/craft/ct_d04.gif]
[war3nobu.wltw.org/img/craft/ct_d05.gif]
[war3nobu.wltw.org/img/craft/ct_d06.gif]
[war3nobu.wltw.org/img/craft/ct_d07.gif]
[war3nobu.wltw.org/img/craft/ct_d08.gif]
[war3nobu.wltw.org/img/craft/ct_d09.gif]
[war3nobu.wltw.org/img/craft/ct_d10.gif]
[war3nobu.wltw.org/img/craft/ct_d11.gif]
[war3nobu.wltw.org/img/craft/ct_d12.gif]
[war3nobu.wltw.org/img/craft/ct_e01.gif]
[war3nobu.wltw.org/craft3.html]
[war3nobu.wltw.org/img/craft/ct_f01.gif]
[war3nobu.wltw.org/img/craft/ct_f02.gif]
[war3nobu.wltw.org/img/craft/ct_f03.gif]
[war3nobu.wltw.org/img/craft/ct_f04.gif]
[war3nobu.wltw.org/img/craft/ct_f05.gif]
[war3nobu.wltw.org/img/craft/ct_f06.gif]
[war3nobu.wltw.org/img/craft/ct_f07.gif]
[war3nobu.wltw.org/img/craft/ct_f08.gif]
[war3nobu.wltw.org/img/craft/ct_f11.gif]
[war3nobu.wltw.org/img/craft/ct_g01.gif]
[war3nobu.wltw.org/img/craft/ct_g09.gif]
[war3nobu.wltw.org/img/craft/ct_g10.gif]
[war3nobu.wltw.org/craft4.html]
[war3nobu.wltw.org/img/craft/ct_h01.gif]
[war3nobu.wltw.org/img/craft/ct_h02.gif]
[war3nobu.wltw.org/img/craft/ct_h03.gif]
[war3nobu.wltw.org/img/craft/ct_h05.gif]
[war3nobu.wltw.org/img/craft/ct_h07.gif]
[war3nobu.wltw.org/img/craft/ct_h08.gif]
[war3nobu.wltw.org/img/craft/ct_h09.gif]
[war3nobu.wltw.org/img/craft/ct_h10.gif]
[war3nobu.wltw.org/img/craft/ct_h11.gif]
[war3nobu.wltw.org/img/craft/ct_h04.gif]
[war3nobu.wltw.org/craft5.html]
[war3nobu.wltw.org/img/arm/arm_map1.png]
[war3nobu.wltw.org/army1.html]
[war3nobu.wltw.org/img/arm/arm_map2.png]
[war3nobu.wltw.org/army2.html]
[war3nobu.wltw.org/img/arm/arm_map3.png]
[war3nobu.wltw.org/img/arm/horseticket.gif]
[war3nobu.wltw.org/img/arm/horseticket_3.gif]
[war3nobu.wltw.org/img/arm/horseticket_1.gif]
[war3nobu.wltw.org/img/arm/horseticket_2.gif]
[war3nobu.wltw.org/img/arm/horseticket_2_1.gif]
[war3nobu.wltw.org/img/arm/horseticket_2_2.gif]
[war3nobu.wltw.org/img/arm/horseticket_2_3.gif]
[war3nobu.wltw.org/img/arm/horse.gif]
[war3nobu.wltw.org/army3.html]
[war3nobu.wltw.org/img/arm/arm_map4.png]
[war3nobu.wltw.org/img/arm/arm_a01.gif]
[war3nobu.wltw.org/img/arm/arm_a11.gif]
[war3nobu.wltw.org/img/arm/arm_a12.gif]
[war3nobu.wltw.org/img/arm/arm_b01.gif]
[war3nobu.wltw.org/img/arm/arm_b02.gif]
[war3nobu.wltw.org/img/arm/arm_b03.gif]
[war3nobu.wltw.org/img/arm/arm_b04.gif]
[war3nobu.wltw.org/img/arm/arm_b05.gif]
[war3nobu.wltw.org/img/arm/arm_b06.gif]
[war3nobu.wltw.org/img/arm/arm_b07.gif]
[war3nobu.wltw.org/img/arm/arm_b08.gif]
[war3nobu.wltw.org/img/arm/arm_b09.gif]
[war3nobu.wltw.org/img/arm/arm_b10.gif]
[war3nobu.wltw.org/img/arm/arm_b12.gif]
[war3nobu.wltw.org/army4.html]
[war3nobu.wltw.org/info1.html]
[war3nobu.wltw.org/info2.html]
[war3nobu.wltw.org/info3.html]
[war3nobu.wltw.org/css/about.css]
[war3nobu.wltw.org/about.html]
[war3nobu.wltw.org/css/easyui.css]
[code.jquery.com/jquery-1.6.1.min.js]
[war3nobu.wltw.org/js/jquery.easyui.min.js]
[war3nobu.wltw.org/arm1.html]
[war3nobu.wltw.org/arm2.html]
[war3nobu.wltw.org/arm3.html]
[war3nobu.wltw.org/arm4]
[war3nobu.wltw.org/sitemap.html]
[war3nobu.wltw.org/js/jquery.placeholder.js]
[war3nobu.wltw.org/contact.html]
[war3nobu.wltw.org/404.html]
[war3nobu.wltw.org/css/cp_inside.css]
[war3nobu.wltw.org/img/champion/skill/cps_a01_5.gif]
[war3nobu.wltw.org/img/champion/skill/cps_a01_1.gif]
[war3nobu.wltw.org/img/champion/skill/cps_a01_2.gif]
[war3nobu.wltw.org/img/champion/skill/cps_a01_3.gif]
[war3nobu.wltw.org/img/champion/skill/cps_a01_4.gif]
[war3nobu.wltw.org/img/champion/skill/plus.gif]
[war3nobu.wltw.org/cp_a01.html]
[war3nobu.wltw.org/img/champion/skill/cps_a02_1.gif]
[war3nobu.wltw.org/img/champion/skill/cps_a02_2.gif]
[war3nobu.wltw.org/img/champion/skill/cps_a02_3.gif]
[war3nobu.wltw.org/img/champion/skill/cps_a02_4.gif]
[war3nobu.wltw.org/cp_a02.html]
[war3nobu.wltw.org/img/champion/skill/cps_a03_5.gif]
[war3nobu.wltw.org/img/champion/skill/cps_a03_1.gif]
[war3nobu.wltw.org/img/champion/skill/cps_a03_2.gif]
[war3nobu.wltw.org/img/champion/skill/cps_a03_2_2.gif]
[war3nobu.wltw.org/img/champion/skill/cps_a03_3.gif]
[war3nobu.wltw.org/img/champion/skill/cps_a03_4.gif]
[war3nobu.wltw.org/cp_a03.html]
[war3nobu.wltw.org/img/champion/skill/cps_a04_5.gif]
[war3nobu.wltw.org/img/champion/skill/cps_a04_1_1.gif]
[war3nobu.wltw.org/img/champion/skill/cps_a04_1.gif]
[war3nobu.wltw.org/img/champion/skill/cps_a04_2.gif]
[war3nobu.wltw.org/img/champion/skill/cps_a04_3.gif]
[war3nobu.wltw.org/img/champion/skill/cps_a04_4.gif]
[war3nobu.wltw.org/cp_a04.html]
[war3nobu.wltw.org/img/champion/skill/cps_a05_5.gif]
[war3nobu.wltw.org/img/champion/skill/cps_a05_1.gif]
[war3nobu.wltw.org/img/champion/skill/cps_a05_2.gif]
[war3nobu.wltw.org/img/champion/skill/cps_a05_3.gif]
[war3nobu.wltw.org/img/champion/skill/cps_a05_4.gif]
[war3nobu.wltw.org/cp_a05.html]
[war3nobu.wltw.org/img/champion/skill/cps_a06_5.gif]
[war3nobu.wltw.org/img/champion/skill/cps_a06_1.gif]
[war3nobu.wltw.org/img/champion/skill/cps_a06_2.gif]
[war3nobu.wltw.org/img/champion/skill/cps_a06_3.gif]
[war3nobu.wltw.org/cp_a06.html]
[war3nobu.wltw.org/img/champion/skill/cps_a06_4.gif]
[war3nobu.wltw.org/img/champion/skill/cps_a07_5.gif]
[war3nobu.wltw.org/img/champion/skill/cps_a07_1.gif]
[war3nobu.wltw.org/img/champion/skill/cps_a07_2.gif]
[war3nobu.wltw.org/img/champion/skill/cps_a07_3.gif]
[war3nobu.wltw.org/img/champion/skill/cps_a07_4.gif]
[war3nobu.wltw.org/cp_a07.html]
[war3nobu.wltw.org/img/champion/skill/cps_a08_1.gif]
[war3nobu.wltw.org/img/champion/skill/cps_a08_2.gif]
[war3nobu.wltw.org/img/champion/skill/cps_a08_3.gif]
[war3nobu.wltw.org/img/champion/skill/cps_a08_4.gif]
[war3nobu.wltw.org/cp_a08.html]
[war3nobu.wltw.org/img/champion/skill/cps_a09_1.gif]
[war3nobu.wltw.org/img/champion/skill/cps_a09_2.gif]
[war3nobu.wltw.org/img/champion/skill/cps_a09_3.gif]
[war3nobu.wltw.org/img/champion/skill/cps_a09_4.gif]
[war3nobu.wltw.org/cp_a09.html]
[war3nobu.wltw.org/img/champion/skill/cps_a10_5.gif]
[war3nobu.wltw.org/img/champion/skill/cps_a10_1.gif]
[war3nobu.wltw.org/img/champion/skill/cps_a10_2.gif]
[war3nobu.wltw.org/img/champion/skill/cps_a10_3.gif]
[war3nobu.wltw.org/img/champion/skill/cps_a10_4.gif]
[war3nobu.wltw.org/cp_a10.html]
[war3nobu.wltw.org/img/champion/skill/cps_a11_1.gif]
[war3nobu.wltw.org/img/champion/skill/cps_a11_2.gif]
[war3nobu.wltw.org/img/champion/skill/cps_a11_3.gif]
[war3nobu.wltw.org/img/champion/skill/cps_a11_4.gif]
[war3nobu.wltw.org/cp_a11.html]
[war3nobu.wltw.org/img/champion/skill/cps_a12_5.gif]
[war3nobu.wltw.org/img/champion/skill/cps_a12_1.gif]
[war3nobu.wltw.org/img/champion/skill/cps_a12_2.gif]
[war3nobu.wltw.org/img/champion/skill/cps_a12_3.gif]
[war3nobu.wltw.org/img/champion/skill/cps_a12_4.gif]
[war3nobu.wltw.org/cp_a12.html]
[war3nobu.wltw.org/img/champion/skill/cps_b01_5.gif]
[war3nobu.wltw.org/img/champion/skill/cps_b01_1.gif]
[war3nobu.wltw.org/img/champion/skill/cps_b01_2.gif]
[war3nobu.wltw.org/img/champion/skill/cps_b01_3.gif]
[war3nobu.wltw.org/cp_b01.html]
[war3nobu.wltw.org/img/champion/skill/cps_b01_4.gif]
[war3nobu.wltw.org/img/champion/skill/cps_b02_5.gif]
[war3nobu.wltw.org/img/champion/skill/cps_b02_1.gif]
[war3nobu.wltw.org/img/champion/skill/cps_b02_2.gif]
[war3nobu.wltw.org/img/champion/skill/cps_b02_3.gif]
[war3nobu.wltw.org/img/champion/skill/cps_b02_4.gif]
[war3nobu.wltw.org/cp_b02.html]
[war3nobu.wltw.org/img/champion/skill/cps_b03_1.gif]
[war3nobu.wltw.org/img/champion/skill/cps_b03_2.gif]
[war3nobu.wltw.org/img/champion/skill/cps_b03_3.gif]
[war3nobu.wltw.org/img/champion/skill/cps_b03_4.gif]
[war3nobu.wltw.org/cp_b03.html]
[war3nobu.wltw.org/img/champion/skill/cps_b04_1.gif]
[war3nobu.wltw.org/img/champion/skill/cps_b04_2.gif]
[war3nobu.wltw.org/img/champion/skill/cps_b04_3.gif]
[war3nobu.wltw.org/img/champion/skill/cps_b04_4.gif]
[war3nobu.wltw.org/cp_b04.html]
[war3nobu.wltw.org/img/champion/skill/cps_b05_1.gif]
[war3nobu.wltw.org/img/champion/skill/cps_b05_2.gif]
[war3nobu.wltw.org/img/champion/skill/cps_b05_3.gif]
[war3nobu.wltw.org/img/champion/skill/cps_b05_4.gif]
[war3nobu.wltw.org/cp_b05.html]
[war3nobu.wltw.org/img/champion/skill/cps_b06_1.gif]
[war3nobu.wltw.org/img/champion/skill/cps_b06_2.gif]
[war3nobu.wltw.org/img/champion/skill/cps_b06_3.gif]
[war3nobu.wltw.org/img/champion/skill/cps_b06_4.gif]
[war3nobu.wltw.org/cp_b06.html]
[war3nobu.wltw.org/img/champion/skill/cps_b07_1.gif]
[war3nobu.wltw.org/img/champion/skill/cps_b07_2.gif]
[war3nobu.wltw.org/img/champion/skill/cps_b07_3.gif]
[war3nobu.wltw.org/img/champion/skill/cps_b07_4.gif]
[war3nobu.wltw.org/cp_b07.html]
[war3nobu.wltw.org/img/champion/skill/cps_b08_1.gif]
[war3nobu.wltw.org/img/champion/skill/cps_b08_2.gif]
[war3nobu.wltw.org/img/champion/skill/cps_b08_3.gif]
[war3nobu.wltw.org/img/champion/skill/cps_b08_4.gif]
[war3nobu.wltw.org/cp_b08.html]
[war3nobu.wltw.org/img/champion/skill/cps_b09_5.gif]
[war3nobu.wltw.org/img/champion/skill/cps_b09_1.gif]
[war3nobu.wltw.org/img/champion/skill/cps_b09_2.gif]
[war3nobu.wltw.org/img/champion/skill/cps_b09_3.gif]
[war3nobu.wltw.org/img/champion/skill/cps_b09_4.gif]
[war3nobu.wltw.org/cp_b09.html]
[war3nobu.wltw.org/img/champion/skill/cps_b10_1.gif]
[war3nobu.wltw.org/img/champion/skill/cps_b10_2.gif]
[war3nobu.wltw.org/img/champion/skill/cps_b10_3.gif]
[war3nobu.wltw.org/img/champion/skill/cps_b10_4.gif]
[war3nobu.wltw.org/cp_b10.html]
[war3nobu.wltw.org/img/champion/skill/cps_b11_1.gif]
[war3nobu.wltw.org/img/champion/skill/cps_b11_2.gif]
[war3nobu.wltw.org/img/champion/skill/cps_b11_3.gif]
[war3nobu.wltw.org/img/champion/skill/cps_b11_4.gif]
[war3nobu.wltw.org/cp_b11.html]
[war3nobu.wltw.org/img/champion/skill/cps_b12_5.gif]
[war3nobu.wltw.org/img/champion/skill/cps_b12_1.gif]
[war3nobu.wltw.org/img/champion/skill/cps_b12_2.gif]
[war3nobu.wltw.org/img/champion/skill/cps_b12_3.gif]
[war3nobu.wltw.org/img/champion/skill/cps_b12_4.gif]
[war3nobu.wltw.org/cp_b12.html]
[war3nobu.wltw.org/img/champion/skill/cps_c01_1.gif]
[war3nobu.wltw.org/img/champion/skill/cps_c01_2.gif]
[war3nobu.wltw.org/img/champion/skill/cps_c01_3.gif]
[war3nobu.wltw.org/cp_c01.html]
[war3nobu.wltw.org/img/champion/skill/cps_c01_4.gif]
[war3nobu.wltw.org/img/champion/skill/cps_c02_5.gif]
[war3nobu.wltw.org/img/champion/skill/cps_c02_1.gif]
[war3nobu.wltw.org/img/champion/skill/cps_c02_2.gif]
[war3nobu.wltw.org/img/champion/skill/cps_c02_3.gif]
[war3nobu.wltw.org/img/champion/skill/cps_c02_4.gif]
[war3nobu.wltw.org/cp_c02.html]
[war3nobu.wltw.org/img/champion/skill/cps_c03_5.gif]
[war3nobu.wltw.org/img/champion/skill/cps_c03_1.gif]
[war3nobu.wltw.org/img/champion/skill/cps_c03_2.gif]
[war3nobu.wltw.org/img/champion/skill/cps_c03_2_1.gif]
[war3nobu.wltw.org/img/champion/skill/cps_c03_3.gif]
[war3nobu.wltw.org/img/champion/skill/cps_c03_4.gif]
[war3nobu.wltw.org/cp_c03.html]
[war3nobu.wltw.org/img/champion/skill/cps_c04_5.gif]
[war3nobu.wltw.org/img/champion/skill/cps_c04_1.gif]
[war3nobu.wltw.org/img/champion/skill/cps_c04_2.gif]
[war3nobu.wltw.org/img/champion/skill/cps_c04_3.gif]
[war3nobu.wltw.org/img/champion/skill/cps_c04_4.gif]
[war3nobu.wltw.org/cp_c04.html]
[war3nobu.wltw.org/img/champion/skill/cps_c05_1.gif]
[war3nobu.wltw.org/img/champion/skill/cps_c05_2.gif]
[war3nobu.wltw.org/img/champion/skill/cps_c05_3.gif]
[war3nobu.wltw.org/img/champion/skill/cps_c05_4.gif]
[war3nobu.wltw.org/cp_c05.html]
[war3nobu.wltw.org/img/champion/skill/cps_c06_1.gif]
[war3nobu.wltw.org/img/champion/skill/cps_c06_2.gif]
[war3nobu.wltw.org/img/champion/skill/cps_c06_3.gif]
[war3nobu.wltw.org/img/champion/skill/cps_c06_4.gif]
[war3nobu.wltw.org/cp_c06.html]
[war3nobu.wltw.org/img/champion/skill/cps_c07_5.gif]
[war3nobu.wltw.org/img/champion/skill/cps_c07_1.gif]
[war3nobu.wltw.org/img/champion/skill/cps_c07_2.gif]
[war3nobu.wltw.org/img/champion/skill/cps_c07_3.gif]
[war3nobu.wltw.org/img/champion/skill/cps_c07_4.gif]
[war3nobu.wltw.org/img/champion/skill/cps_c07_4_2.gif]
[war3nobu.wltw.org/cp_c07.html]
[war3nobu.wltw.org/img/champion/skill/cps_c08_5.gif]
[war3nobu.wltw.org/img/champion/skill/cps_c08_1.gif]
[war3nobu.wltw.org/img/champion/skill/cps_c08_2.gif]
[war3nobu.wltw.org/img/champion/skill/cps_c08_3.gif]
[war3nobu.wltw.org/img/champion/skill/cps_c08_4.gif]
[war3nobu.wltw.org/cp_c08.html]
[war3nobu.wltw.org/img/champion/skill/cps_c09_1.gif]
[war3nobu.wltw.org/img/champion/skill/cps_c09_2.gif]
[war3nobu.wltw.org/img/champion/skill/cps_c09_3.gif]
[war3nobu.wltw.org/img/champion/skill/cps_c09_4.gif]
[war3nobu.wltw.org/cp_c09.html]
[war3nobu.wltw.org/img/champion/skill/cps_c10_1.gif]
[war3nobu.wltw.org/img/champion/skill/cps_c10_2.gif]
[war3nobu.wltw.org/img/champion/skill/cps_c10_3.gif]
[war3nobu.wltw.org/cp_c10.html]
[war3nobu.wltw.org/img/champion/skill/cps_c10_4.gif]
[war3nobu.wltw.org/img/champion/skill/cps_c11_1.gif]
[war3nobu.wltw.org/img/champion/skill/cps_c11_2.gif]
[war3nobu.wltw.org/img/champion/skill/cps_c11_3.gif]
[war3nobu.wltw.org/img/champion/skill/cps_c11_4.gif]
[war3nobu.wltw.org/cp_c11.html]
[war3nobu.wltw.org/img/champion/skill/cps_c12_1.gif]
[war3nobu.wltw.org/img/champion/skill/cps_c12_2.gif]
[war3nobu.wltw.org/img/champion/skill/cps_c12_2_1.gif]
[war3nobu.wltw.org/img/champion/skill/cps_c12_3.gif]
[war3nobu.wltw.org/img/champion/skill/cps_c12_4.gif]
[war3nobu.wltw.org/cp_c12.html]
[war3nobu.wltw.org/img/champion/skill/cps_d01_1.gif]
[war3nobu.wltw.org/img/champion/skill/cps_d01_2.gif]
[war3nobu.wltw.org/img/champion/skill/cps_d01_3.gif]
[war3nobu.wltw.org/img/champion/skill/cps_d01_4.gif]
[war3nobu.wltw.org/cp_d01.html]
[war3nobu.wltw.org/img/champion/skill/cps_d02_5.gif]
[war3nobu.wltw.org/img/champion/skill/cps_d02_1.gif]
[war3nobu.wltw.org/img/champion/skill/cps_d02_2.gif]
[war3nobu.wltw.org/img/champion/skill/cps_d02_3.gif]
[war3nobu.wltw.org/img/champion/skill/cps_d02_4.gif]
[war3nobu.wltw.org/cp_d02.html]
[war3nobu.wltw.org/img/champion/skill/cps_d03_1.gif]
[war3nobu.wltw.org/img/champion/skill/cps_d03_2.gif]
[war3nobu.wltw.org/img/champion/skill/cps_d03_3.gif]
[war3nobu.wltw.org/img/champion/skill/cps_d03_4.gif]
[war3nobu.wltw.org/cp_d03.html]
[war3nobu.wltw.org/img/champion/skill/cps_d04_5.gif]
[war3nobu.wltw.org/img/champion/skill/cps_d04_1.gif]
[war3nobu.wltw.org/img/champion/skill/cps_d04_2.gif]
[war3nobu.wltw.org/img/champion/skill/cps_d04_3.gif]
[war3nobu.wltw.org/img/champion/skill/cps_d04_4.gif]
[war3nobu.wltw.org/cp_d04.html]
[war3nobu.wltw.org/img/champion/skill/cps_d05_5.gif]
[war3nobu.wltw.org/img/champion/skill/cps_d05_1.gif]
[war3nobu.wltw.org/img/champion/skill/cps_d05_2.gif]
[war3nobu.wltw.org/img/champion/skill/cps_d05_3.gif]
[war3nobu.wltw.org/cp_d05.html]
[war3nobu.wltw.org/img/champion/skill/cps_d05_4.gif]
[war3nobu.wltw.org/img/champion/skill/cps_d06_5.gif]
[war3nobu.wltw.org/img/champion/skill/cps_d06_1.gif]
[war3nobu.wltw.org/img/champion/skill/cps_d06_2.gif]
[war3nobu.wltw.org/img/champion/skill/cps_d06_3.gif]
[war3nobu.wltw.org/img/champion/skill/cps_d06_4.gif]
[war3nobu.wltw.org/cp_d06.html]
[war3nobu.wltw.org/img/champion/skill/cps_d07_5.gif]
[war3nobu.wltw.org/img/champion/skill/cps_d07_1.gif]
[war3nobu.wltw.org/img/champion/skill/cps_d07_2.gif]
[war3nobu.wltw.org/img/champion/skill/cps_d07_3.gif]
[war3nobu.wltw.org/img/champion/skill/cps_d07_4.gif]
[war3nobu.wltw.org/cp_d07.html]
[war3nobu.wltw.org/img/champion/skill/cps_d08_1.gif]
[war3nobu.wltw.org/img/champion/skill/cps_d08_2.gif]
[war3nobu.wltw.org/img/champion/skill/cps_d08_3.gif]
[war3nobu.wltw.org/img/champion/skill/cps_d08_4.gif]
[war3nobu.wltw.org/cp_d08.html]
[war3nobu.wltw.org/img/champion/skill/cps_d09_1.gif]
[war3nobu.wltw.org/img/champion/skill/cps_d09_2.gif]
[war3nobu.wltw.org/img/champion/skill/cps_d09_3.gif]
[war3nobu.wltw.org/img/champion/skill/cps_d09_4.gif]
[war3nobu.wltw.org/cp_d09.html]
[war3nobu.wltw.org/img/champion/skill/cps_d10_1.gif]
[war3nobu.wltw.org/img/champion/skill/cps_d10_2.gif]
[war3nobu.wltw.org/img/champion/skill/cps_d10_3.gif]
[war3nobu.wltw.org/img/champion/skill/cps_d10_4.gif]
[war3nobu.wltw.org/cp_d10.html]
[war3nobu.wltw.org/img/champion/skill/cps_d11_5.gif]
[war3nobu.wltw.org/img/champion/skill/cps_d11_1.gif]
[war3nobu.wltw.org/img/champion/skill/cps_d11_2.gif]
[war3nobu.wltw.org/img/champion/skill/cps_d11_3.gif]
[war3nobu.wltw.org/img/champion/skill/cps_d11_4.gif]
[war3nobu.wltw.org/img/champion/skill/cps_d11_4_2.gif]
[war3nobu.wltw.org/cp_d11.html]
[war3nobu.wltw.org/img/champion/skill/cps_d12_1.gif]
[war3nobu.wltw.org/img/champion/skill/cps_d12_2.gif]
[war3nobu.wltw.org/img/champion/skill/cps_d12_3.gif]
[war3nobu.wltw.org/img/champion/skill/cps_d12_4.gif]
[war3nobu.wltw.org/cp_d12.html]
[war3nobu.wltw.org/img/champion/skill/cps_e01_5.gif]
[war3nobu.wltw.org/img/champion/skill/cps_e01_6.gif]
[war3nobu.wltw.org/img/champion/skill/cps_e01_7.gif]
[war3nobu.wltw.org/img/champion/skill/cps_e01_1.gif]
[war3nobu.wltw.org/img/champion/skill/cps_e01_2.gif]
[war3nobu.wltw.org/img/champion/skill/cps_e01_3.gif]
[war3nobu.wltw.org/img/champion/skill/cps_e01_4.gif]
[war3nobu.wltw.org/cp_e01.html]
[war3nobu.wltw.org/img/champion/skill/cps_e02_5.gif]
[war3nobu.wltw.org/img/champion/skill/cps_e02_1.gif]
[war3nobu.wltw.org/img/champion/skill/cps_e02_2.gif]
[war3nobu.wltw.org/img/champion/skill/cps_e02_3.gif]
[war3nobu.wltw.org/img/champion/skill/cps_e02_4.gif]
[war3nobu.wltw.org/cp_e02.html]
[war3nobu.wltw.org/img/champion/skill/cps_e03_5.gif]
[war3nobu.wltw.org/img/champion/skill/cps_e03_1.gif]
[war3nobu.wltw.org/img/champion/skill/cps_e03_2.gif]
[war3nobu.wltw.org/img/champion/skill/cps_e03_3.gif]
[war3nobu.wltw.org/img/champion/skill/cps_e03_4.gif]
[war3nobu.wltw.org/cp_e03.html]
[war3nobu.wltw.org/img/champion/skill/cps_e04_5.gif]
[war3nobu.wltw.org/img/champion/skill/cps_e04_7.gif]
[war3nobu.wltw.org/img/champion/skill/cps_e04_6.gif]
[war3nobu.wltw.org/img/champion/skill/cps_e04_1.gif]
[war3nobu.wltw.org/img/champion/skill/cps_e04_2.gif]
[war3nobu.wltw.org/img/champion/skill/cps_e04_3.gif]
[war3nobu.wltw.org/img/champion/skill/cps_e04_4.gif]
[war3nobu.wltw.org/cp_e04.html]
[war3nobu.wltw.org/img/champion/skill/cps_e05_5.gif]
[war3nobu.wltw.org/img/champion/skill/cps_e05_1.gif]
[war3nobu.wltw.org/img/champion/skill/cps_e05_2.gif]
[war3nobu.wltw.org/img/champion/skill/cps_e05_3.gif]
[war3nobu.wltw.org/img/champion/skill/cps_e05_4.gif]
[war3nobu.wltw.org/cp_e05.html]
[war3nobu.wltw.org/img/champion/skill/cps_e06_1.gif]
[war3nobu.wltw.org/img/champion/skill/cps_e06_2.gif]
[war3nobu.wltw.org/img/champion/skill/cps_e06_3.gif]
[war3nobu.wltw.org/img/champion/skill/cps_e06_4.gif]
[war3nobu.wltw.org/cp_e06.html]
[war3nobu.wltw.org/img/champion/skill/cps_e07_1.gif]
[war3nobu.wltw.org/img/champion/skill/cps_e07_2.gif]
[war3nobu.wltw.org/img/champion/skill/cps_e07_3.gif]
[war3nobu.wltw.org/img/champion/skill/cps_e07_4.gif]
[war3nobu.wltw.org/cp_e07.html]
[war3nobu.wltw.org/img/champion/skill/cps_e08_1.gif]
[war3nobu.wltw.org/img/champion/skill/cps_e08_2.gif]
[war3nobu.wltw.org/img/champion/skill/cps_e08_3.gif]
[war3nobu.wltw.org/img/champion/skill/cps_e08_4.gif]
[war3nobu.wltw.org/cp_e08.html]
[war3nobu.wltw.org/img/champion/skill/cps_e09_1.gif]
[war3nobu.wltw.org/img/champion/skill/cps_e09_2.gif]
[war3nobu.wltw.org/img/champion/skill/cps_e09_3.gif]
[war3nobu.wltw.org/img/champion/skill/cps_e09_4.gif]
[war3nobu.wltw.org/cp_e09.html]
[war3nobu.wltw.org/img/champion/skill/cps_e10_5.gif]
[war3nobu.wltw.org/img/champion/skill/cps_e10_1.gif]
[war3nobu.wltw.org/img/champion/skill/cps_e10_2.gif]
[war3nobu.wltw.org/img/champion/skill/cps_e10_3.gif]
[war3nobu.wltw.org/img/champion/skill/cps_e10_4.gif]
[war3nobu.wltw.org/cp_e10.html]
[war3nobu.wltw.org/img/champion/skill/cps_e11_5.gif]
[war3nobu.wltw.org/img/champion/skill/cps_e11_1.gif]
[war3nobu.wltw.org/img/champion/skill/cps_e11_2.gif]
[war3nobu.wltw.org/img/champion/skill/cps_e11_3.gif]
[war3nobu.wltw.org/cp_e11.html]
[war3nobu.wltw.org/img/champion/skill/cps_e11_4.gif]
[war3nobu.wltw.org/img/champion/skill/cps_e12_1.gif]
[war3nobu.wltw.org/img/champion/skill/cps_e12_2.gif]
[war3nobu.wltw.org/img/champion/skill/cps_e12_3.gif]
[war3nobu.wltw.org/img/champion/skill/cps_e12_4.gif]
[war3nobu.wltw.org/cp_e12.html]
[war3nobu.wltw.org/img/champion/skill/cps_f01_1.gif]
[war3nobu.wltw.org/img/champion/skill/cps_f01_2.gif]
[war3nobu.wltw.org/img/champion/skill/cps_f01_3.gif]
[war3nobu.wltw.org/img/champion/skill/cps_f01_4.gif]
[war3nobu.wltw.org/cp_f01.html]
[war3nobu.wltw.org/img/champion/skill/cps_f02_1.gif]
[war3nobu.wltw.org/img/champion/skill/cps_f02_2.gif]
[war3nobu.wltw.org/img/champion/skill/cps_f02_3.gif]
[war3nobu.wltw.org/cp_f02.html]
[war3nobu.wltw.org/img/champion/skill/cps_f02_4.gif]
[war3nobu.wltw.org/img/champion/skill/cps_f03_1.gif]
[war3nobu.wltw.org/img/champion/skill/cps_f03_2.gif]
[war3nobu.wltw.org/img/champion/skill/cps_f03_3.gif]
[war3nobu.wltw.org/img/champion/skill/cps_f03_4.gif]
[war3nobu.wltw.org/cp_f03.html]
[war3nobu.wltw.org/img/champion/skill/cps_f04_1.gif]
[war3nobu.wltw.org/img/champion/skill/cps_f04_2.gif]
[war3nobu.wltw.org/img/champion/skill/cps_f04_3.gif]
[war3nobu.wltw.org/img/champion/skill/cps_f04_4.gif]
[war3nobu.wltw.org/cp_f04.html]
[war3nobu.wltw.org/img/champion/skill/cps_f05_1.gif]
[war3nobu.wltw.org/img/champion/skill/cps_f05_2.gif]
[war3nobu.wltw.org/img/champion/skill/cps_f05_3.gif]
[war3nobu.wltw.org/img/champion/skill/cps_f05_4.gif]
[war3nobu.wltw.org/cp_f05.html]
[war3nobu.wltw.org/img/champion/skill/cps_f06_1.gif]
[war3nobu.wltw.org/img/champion/skill/cps_f06_2.gif]
[war3nobu.wltw.org/img/champion/skill/cps_f06_3.gif]
[war3nobu.wltw.org/img/champion/skill/cps_f06_4.gif]
[war3nobu.wltw.org/cp_f06.html]
[war3nobu.wltw.org/img/champion/skill/cps_f07_1.gif]
[war3nobu.wltw.org/img/champion/skill/cps_f07_2.gif]
[war3nobu.wltw.org/img/champion/skill/cps_f07_3.gif]
[war3nobu.wltw.org/img/champion/skill/cps_f07_4.gif]
[war3nobu.wltw.org/cp_f07.html]
[war3nobu.wltw.org/img/champion/skill/cps_f08_5.gif]
[war3nobu.wltw.org/img/champion/skill/cps_f08_1.gif]
[war3nobu.wltw.org/img/champion/skill/cps_f08_2.gif]
[war3nobu.wltw.org/img/champion/skill/cps_f08_3.gif]
[war3nobu.wltw.org/img/champion/skill/cps_f08_4.gif]
[war3nobu.wltw.org/cp_f08.html]
[war3nobu.wltw.org/img/champion/skill/cps_f09_5.gif]
[war3nobu.wltw.org/img/champion/skill/cps_f09_1.gif]
[war3nobu.wltw.org/img/champion/skill/cps_f09_2.gif]
[war3nobu.wltw.org/img/champion/skill/cps_f09_3.gif]
[war3nobu.wltw.org/img/champion/skill/cps_f09_4.gif]
[war3nobu.wltw.org/cp_f09.html]
[war3nobu.wltw.org/img/champion/skill/cps_f10_1.gif]
[war3nobu.wltw.org/img/champion/skill/cps_f10_2.gif]
[war3nobu.wltw.org/img/champion/skill/cps_f10_3.gif]
[war3nobu.wltw.org/img/champion/skill/cps_f10_4.gif]
[war3nobu.wltw.org/cp_f10.html]
[war3nobu.wltw.org/img/champion/skill/cps_f11_1.gif]
[war3nobu.wltw.org/img/champion/skill/cps_f11_2.gif]
[war3nobu.wltw.org/img/champion/skill/cps_f11_3.gif]
[war3nobu.wltw.org/img/champion/skill/cps_f11_4.gif]
[war3nobu.wltw.org/cp_f11.html]
[war3nobu.wltw.org/img/champion/skill/cps_f12_5.gif]
[war3nobu.wltw.org/img/champion/skill/cps_f12_1.gif]
[war3nobu.wltw.org/img/champion/skill/cps_f12_2.gif]
[war3nobu.wltw.org/img/champion/skill/cps_f12_3.gif]
[war3nobu.wltw.org/img/champion/skill/cps_f12_4.gif]
[war3nobu.wltw.org/cp_f12.html]
[war3nobu.wltw.org/img/champion/skill/cps_g01_1.gif]
[war3nobu.wltw.org/img/champion/skill/cps_g01_2.gif]
[war3nobu.wltw.org/img/champion/skill/cps_g01_3.gif]
[war3nobu.wltw.org/img/champion/skill/cps_g01_4.gif]
[war3nobu.wltw.org/cp_g01.html]
[war3nobu.wltw.org/img/champion/skill/cps_g02_1.gif]
[war3nobu.wltw.org/img/champion/skill/cps_g02_2.gif]
[war3nobu.wltw.org/img/champion/skill/cps_g02_3.gif]
[war3nobu.wltw.org/img/champion/skill/cps_g02_4.gif]
[war3nobu.wltw.org/cp_g02.html]
[war3nobu.wltw.org/img/champion/skill/cps_g03_1.gif]
[war3nobu.wltw.org/img/champion/skill/cps_g03_2.gif]
[war3nobu.wltw.org/img/champion/skill/cps_g03_3.gif]
[war3nobu.wltw.org/img/champion/skill/cps_g03_4.gif]
[war3nobu.wltw.org/cp_g03.html]
[war3nobu.wltw.org/img/champion/skill/cps_g04_1.gif]
[war3nobu.wltw.org/img/champion/skill/cps_g04_2.gif]
[war3nobu.wltw.org/img/champion/skill/cps_g04_3.gif]
[war3nobu.wltw.org/img/champion/skill/cps_g04_4.gif]
[war3nobu.wltw.org/cp_g04.html]
[war3nobu.wltw.org/img/champion/skill/cps_g05_1.gif]
[war3nobu.wltw.org/img/champion/skill/cps_g05_2.gif]
[war3nobu.wltw.org/img/champion/skill/cps_g05_3.gif]
[war3nobu.wltw.org/img/champion/skill/cps_g05_4.gif]
[war3nobu.wltw.org/cp_g05.html]
[war3nobu.wltw.org/img/champion/skill/cps_g06_5.gif]
[war3nobu.wltw.org/img/champion/skill/cps_g06_1.gif]
[war3nobu.wltw.org/img/champion/skill/cps_g06_2.gif]
[war3nobu.wltw.org/img/champion/skill/cps_g06_3.gif]
[war3nobu.wltw.org/img/champion/skill/cps_g06_4.gif]
[war3nobu.wltw.org/cp_g06.html]
[war3nobu.wltw.org/img/champion/skill/cps_g07_5.gif]
[war3nobu.wltw.org/img/champion/skill/cps_g07_6.gif]
[war3nobu.wltw.org/img/champion/skill/cps_g07_1.gif]
[war3nobu.wltw.org/img/champion/skill/cps_g07_2.gif]
[war3nobu.wltw.org/img/champion/skill/cps_g07_3.gif]
[war3nobu.wltw.org/img/champion/skill/cps_g07_4.gif]
[war3nobu.wltw.org/cp_g07.html]
[war3nobu.wltw.org/img/champion/skill/cps_g08_5.gif]
[war3nobu.wltw.org/img/champion/skill/cps_g08_1.gif]
[war3nobu.wltw.org/img/champion/skill/cps_g08_2.gif]
[war3nobu.wltw.org/img/champion/skill/cps_g08_3.gif]
[war3nobu.wltw.org/img/champion/skill/cps_g08_4.gif]
[war3nobu.wltw.org/cp_g08.html]
[war3nobu.wltw.org/img/champion/skill/cps_g09_1.gif]
[war3nobu.wltw.org/img/champion/skill/cps_g09_2.gif]
[war3nobu.wltw.org/img/champion/skill/cps_g09_3.gif]
[war3nobu.wltw.org/img/champion/skill/cps_g09_4.gif]
[war3nobu.wltw.org/cp_g09.html]
[war3nobu.wltw.org/img/champion/skill/cps_g10_1.gif]
[war3nobu.wltw.org/img/champion/skill/cps_g10_2.gif]
[war3nobu.wltw.org/img/champion/skill/cps_g10_3.gif]
[war3nobu.wltw.org/img/champion/skill/cps_g10_4.gif]
[war3nobu.wltw.org/cp_g10.html]
[war3nobu.wltw.org/img/champion/skill/cps_g11_1.gif]
[war3nobu.wltw.org/img/champion/skill/cps_g11_2.gif]
[war3nobu.wltw.org/img/champion/skill/cps_g11_3.gif]
[war3nobu.wltw.org/img/champion/skill/cps_g11_4.gif]
[war3nobu.wltw.org/cp_g11.html]
[war3nobu.wltw.org/img/champion/skill/cps_g12_5.gif]
[war3nobu.wltw.org/img/champion/skill/cps_g12_1.gif]
[war3nobu.wltw.org/img/champion/skill/cps_g12_2.gif]
[war3nobu.wltw.org/img/champion/skill/cps_g12_3.gif]
[war3nobu.wltw.org/img/champion/skill/cps_g12_4.gif]
[war3nobu.wltw.org/cp_g12.html]
[war3nobu.wltw.org/img/champion/skill/cps_h01_1.gif]
[war3nobu.wltw.org/img/champion/skill/cps_h01_2.gif]
[war3nobu.wltw.org/img/champion/skill/cps_h01_3.gif]
[war3nobu.wltw.org/img/champion/skill/cps_h01_4.gif]
[war3nobu.wltw.org/cp_h01.html]
[war3nobu.wltw.org/img/champion/skill/cps_h02_5.gif]
[war3nobu.wltw.org/img/champion/skill/cps_h02_6.gif]
[war3nobu.wltw.org/img/champion/skill/cps_h02_1.gif]
[war3nobu.wltw.org/img/champion/skill/cps_h02_2.gif]
[war3nobu.wltw.org/img/champion/skill/cps_h02_3.gif]
[war3nobu.wltw.org/cp_h02.html]
[war3nobu.wltw.org/img/champion/skill/cps_h02_4.gif]
[war3nobu.wltw.org/img/champion/skill/cps_h03_1.gif]
[war3nobu.wltw.org/img/champion/skill/cps_h03_2.gif]
[war3nobu.wltw.org/img/champion/skill/cps_h03_3.gif]
[war3nobu.wltw.org/img/champion/skill/cps_h03_4.gif]
[war3nobu.wltw.org/cp_h03.html]
[war3nobu.wltw.org/img/champion/skill/cps_h04_5.gif]
[war3nobu.wltw.org/img/champion/skill/cps_h04_1.gif]
[war3nobu.wltw.org/img/champion/skill/cps_h04_2.gif]
[war3nobu.wltw.org/img/champion/skill/cps_h04_3.gif]
[war3nobu.wltw.org/img/champion/skill/cps_h04_4.gif]
[war3nobu.wltw.org/cp_h04.html]
[war3nobu.wltw.org/img/champion/skill/cps_h05_5.gif]
[war3nobu.wltw.org/img/champion/skill/cps_h05_1.gif]
[war3nobu.wltw.org/img/champion/skill/cps_h05_2.gif]
[war3nobu.wltw.org/img/champion/skill/cps_h05_3.gif]
[war3nobu.wltw.org/img/champion/skill/cps_h05_4.gif]
[war3nobu.wltw.org/cp_h05.html]
[war3nobu.wltw.org/img/champion/skill/cps_h06_5.gif]
[war3nobu.wltw.org/img/champion/skill/cps_h06_1.gif]
[war3nobu.wltw.org/img/champion/skill/cps_h06_2.gif]
[war3nobu.wltw.org/img/champion/skill/cps_h06_3.gif]
[war3nobu.wltw.org/img/champion/skill/cps_h06_4.gif]
[war3nobu.wltw.org/cp_h06.html]
[war3nobu.wltw.org/img/champion/skill/cps_h07_5.gif]
[war3nobu.wltw.org/img/champion/skill/cps_h07_1.gif]
[war3nobu.wltw.org/img/champion/skill/cps_h07_2.gif]
[war3nobu.wltw.org/img/champion/skill/cps_h07_3.gif]
[war3nobu.wltw.org/img/champion/skill/cps_h07_4.gif]
[war3nobu.wltw.org/cp_h07.html]
[war3nobu.wltw.org/img/champion/skill/cps_h08_1.gif]
[war3nobu.wltw.org/img/champion/skill/cps_h08_2.gif]
[war3nobu.wltw.org/img/champion/skill/cps_h08_3.gif]
[war3nobu.wltw.org/img/champion/skill/cps_h08_4.gif]
[war3nobu.wltw.org/cp_h08.html]
[war3nobu.wltw.org/img/champion/skill/cps_h09_1.gif]
[war3nobu.wltw.org/img/champion/skill/cps_h09_2.gif]
[war3nobu.wltw.org/img/champion/skill/cps_h09_3.gif]
[war3nobu.wltw.org/cp_h09.html]
[war3nobu.wltw.org/img/champion/skill/cps_h09_4.gif]
[war3nobu.wltw.org/img/champion/skill/cps_h10_5.gif]
[war3nobu.wltw.org/img/champion/skill/cps_h10_1.gif]
[war3nobu.wltw.org/img/champion/skill/cps_h10_2.gif]
[war3nobu.wltw.org/img/champion/skill/cps_h10_3.gif]
[war3nobu.wltw.org/img/champion/skill/cps_h10_4.gif]
[war3nobu.wltw.org/cp_h10.html]
[war3nobu.wltw.org/img/champion/skill/cps_h11_1.gif]
[war3nobu.wltw.org/img/champion/skill/cps_h11_2.gif]
[war3nobu.wltw.org/img/champion/skill/cps_h11_3.gif]
[war3nobu.wltw.org/img/champion/skill/cps_h11_4.gif]
[war3nobu.wltw.org/cp_h11.html]
[war3nobu.wltw.org/img/champion/skill/cps_h12_1.gif]
[war3nobu.wltw.org/img/champion/skill/cps_h12_2.gif]
[war3nobu.wltw.org/img/champion/skill/cps_h12_3.gif]
[war3nobu.wltw.org/img/champion/skill/cps_h12_4.gif]
[war3nobu.wltw.org/cp_h12.html]
[war3nobu.wltw.org/img/about/abbk1.png]
[war3nobu.wltw.org/img/about/top_bar_bk.png]
[war3nobu.wltw.org/img/about/about_title.png]
[war3nobu.wltw.org/img/about/img1.png]
[war3nobu.wltw.org/img/about/img2.png]
[war3nobu.wltw.org/img/about/img3.png]
[war3nobu.wltw.org/img/about/qq1.png]
[war3nobu.wltw.org/img/about/contact_title.png]
[war3nobu.wltw.org/img/about/img4.png]
[war3nobu.wltw.org/img/paperbk.png]
[war3nobu.wltw.org/img/about/nickname.png]
[war3nobu.wltw.org/img/about/email.png]
[war3nobu.wltw.org/img/about/nickname_focus.png]
[war3nobu.wltw.org/img/about/email_focus.png]
[war3nobu.wltw.org/img/about/sitemap_bk.jpg]
[war3nobu.wltw.org/img/about/sitemap_title.png]
[war3nobu.wltw.org/css/about.css]
[war3nobu.wltw.org/css/images/blank.gif]
[war3nobu.wltw.org/css/images/loading.gif]
[war3nobu.wltw.org/css/images/panel_tools.png]
[war3nobu.wltw.org/css/images/panel_tools.png]
[war3nobu.wltw.org/css/images/panel_tools.png]
[war3nobu.wltw.org/css/images/panel_tools.png]
[war3nobu.wltw.org/css/images/panel_tools.png]
[war3nobu.wltw.org/css/images/panel_tools.png]
[war3nobu.wltw.org/css/images/accordion_arrows.png]
[war3nobu.wltw.org/css/images/accordion_arrows.png]
[war3nobu.wltw.org/css/images/combo_arrow.png]
[war3nobu.wltw.org/css/images/layout_arrows.png]
[war3nobu.wltw.org/css/images/layout_arrows.png]
[war3nobu.wltw.org/css/images/layout_arrows.png]
[war3nobu.wltw.org/css/images/layout_arrows.png]
[war3nobu.wltw.org/css/images/tabs_icons.png]
[war3nobu.wltw.org/css/images/tabs_icons.png]
[war3nobu.wltw.org/css/images/tabs_icons.png]
[war3nobu.wltw.org/css/images/linkbutton_bg.png]
[war3nobu.wltw.org/css/images/datagrid_icons.png]
[war3nobu.wltw.org/css/images/datagrid_icons.png]
[war3nobu.wltw.org/css/images/datagrid_icons.png]
[war3nobu.wltw.org/css/images/datagrid_icons.png]
[war3nobu.wltw.org/css/images/loading.gif]
[war3nobu.wltw.org/css/images/pagination_icons.png]
[war3nobu.wltw.org/css/images/pagination_icons.png]
[war3nobu.wltw.org/css/images/pagination_icons.png]
[war3nobu.wltw.org/css/images/pagination_icons.png]
[war3nobu.wltw.org/css/images/pagination_icons.png]
[war3nobu.wltw.org/css/images/loading.gif]
[war3nobu.wltw.org/css/images/calendar_arrows.png]
[war3nobu.wltw.org/css/images/calendar_arrows.png]
[war3nobu.wltw.org/css/images/calendar_arrows.png]
[war3nobu.wltw.org/css/images/calendar_arrows.png]
[war3nobu.wltw.org/css/images/calendar_arrows.png]
[war3nobu.wltw.org/css/images/calendar_arrows.png]
[war3nobu.wltw.org/css/images/datebox_arrow.png]
[war3nobu.wltw.org/css/images/spinner_arrows.png]
[war3nobu.wltw.org/css/images/spinner_arrows.png]
[war3nobu.wltw.org/css/images/searchbox_button.png]
[war3nobu.wltw.org/css/images/slider_handle.png]
[war3nobu.wltw.org/css/images/menu_arrows.png]
[war3nobu.wltw.org/css/images/menu_arrows.png]
[war3nobu.wltw.org/css/images/menu_arrows.png]
[war3nobu.wltw.org/css/images/tree_icons.png]
[war3nobu.wltw.org/css/images/tree_icons.png]
[war3nobu.wltw.org/css/images/tree_icons.png]
[war3nobu.wltw.org/css/images/tree_icons.png]
[war3nobu.wltw.org/css/images/tree_icons.png]
[war3nobu.wltw.org/css/images/tree_icons.png]
[war3nobu.wltw.org/css/images/tree_icons.432.delayed]
[war3nobu.wltw.org/css/images/loading.gif]
[war3nobu.wltw.org/css/images/validatebox_warning.png]
[war3nobu.wltw.org/css/easyui.css]
[war3nobu.wltw.org/js/jquery.easyui.min.js]
[war3nobu.wltw.org/arm4]
[war3nobu.wltw.org/arm1.html]
[war3nobu.wltw.org/arm4]
[war3nobu.wltw.org/arm2.html]
[war3nobu.wltw.org/arm4]
[war3nobu.wltw.org/arm3.html]
[war3nobu.wltw.org/img/arm/horse_hk.png]
[war3nobu.wltw.org/js/jquery.placeholder.js]
[war3nobu.wltw.org/img/champion/cp_bk.png]
[war3nobu.wltw.org/img/champion/cate_icon.png]
[war3nobu.wltw.org/img/champion/cp_skill2.png]
[war3nobu.wltw.org/css/cp_inside.css]
