[sky.geocities.jp/icearbaby/index.html]
[backblue.gif]
[fade.gif]
[index.html]
[sky.geocities.jp/icearbaby/top.html]
[sky.geocities.jp/icearbaby/left.html]
[sky.geocities.jp/icearbaby/main.html]
[sky.geocities.jp/icearbaby/bottom.html]
[bc.geocities.yahoo.co.jp/js/sq.css]
[bc.geocities.yahoo.co.jp/js/sq.js]
[bc.geocities.yahoo.co.jp/js/geov2.js]
[sky.geocities.jp/icearbaby/index.html]
[sky.geocities.jp/icearbaby/image/home/ck3030_f19.png]
[sky.geocities.jp/icearbaby/image/home/home1.png]
[pic.hotrank.com.tw/images/report.gif]
[sky.geocities.jp/icearbaby/top.html]
[sky.geocities.jp/icearbaby/image/home/ck3030_f22.png]
[sky.geocities.jp/icearbaby/zhitian.html]
[sky.geocities.jp/icearbaby/lianhe.html]
[sky.geocities.jp/icearbaby/zhongli.html]
[sky.geocities.jp/icearbaby/goods/teijiang.html]
[sky.geocities.jp/icearbaby/goods/wuqi.html]
[sky.geocities.jp/icearbaby/goods/fangju.html]
[sky.geocities.jp/icearbaby/goods/zahuo.html]
[sky.geocities.jp/icearbaby/goods/shutan.html]
[sky.geocities.jp/icearbaby/goods/wujia.html]
[sky.geocities.jp/icearbaby/goods/nanman.html]
[sky.geocities.jp/icearbaby/goods/jijiu.html]
[sky.geocities.jp/icearbaby/goods/tiepao.html]
[sky.geocities.jp/icearbaby/goods/yihe.html]
[sky.geocities.jp/icearbaby/goods/renzhe.html]
[sky.geocities.jp/icearbaby/goods/mingdao.html]
[sky.geocities.jp/icearbaby/goods/tuoma.html]
[sky.geocities.jp/icearbaby/goods/fanghe.html]
[sky.geocities.jp/icearbaby/goods/tehe.html]
[sky.geocities.jp/icearbaby/goods/wuhe.html]
[sky.geocities.jp/icearbaby/goods/wuhe1.html]
[sky.geocities.jp/icearbaby/budui1.html]
[sky.geocities.jp/icearbaby/budui.html]
[sky.geocities.jp/icearbaby/budui2.html]
[sky.geocities.jp/icearbaby/jiaoxue.html]
[sky.geocities.jp/icearbaby/zhishi.html]
[sky.geocities.jp/icearbaby/program.html]
[sky.geocities.jp/icearbaby/goodlines.html]
[sky.geocities.jp/icearbaby/left.html]
[sky.geocities.jp/icearbaby/main.html]
[sky.geocities.jp/icearbaby/bottom.html]
[bc.geocities.yahoo.co.jp/js/sq.css]
[h01.hotrank.com.tw/hotrank2b6b.js]
[sky.geocities.jp/icearbaby/image/zhitian.jpg]
[sky.geocities.jp/icearbaby/zhitian/dechuan.html]
[sky.geocities.jp/icearbaby/image/zhitian/dechuan.jpg]
[sky.geocities.jp/icearbaby/zhitian/daoji.html]
[sky.geocities.jp/icearbaby/image/zhitian/daoji.jpg]
[sky.geocities.jp/icearbaby/zhitian/shichuan.html]
[sky.geocities.jp/icearbaby/image/zhitian/shichuan.jpg]
[sky.geocities.jp/icearbaby/zhitian/zhuzhong.html]
[sky.geocities.jp/icearbaby/image/zhitian/zhuzhong.jpg]
[sky.geocities.jp/icearbaby/zhitian/jiujing.html]
[sky.geocities.jp/icearbaby/image/zhitian/jiujing.jpg]
[sky.geocities.jp/icearbaby/zhitian/jingyi.html]
[sky.geocities.jp/icearbaby/image/zhitian/jingyi.gif]
[sky.geocities.jp/icearbaby/zhitian/benduo.html]
[sky.geocities.jp/icearbaby/image/zhitian/benduo.jpg]
[sky.geocities.jp/icearbaby/zhitian/shenyuan.html]
[sky.geocities.jp/icearbaby/image/zhitian/shenyuan.jpg]
[sky.geocities.jp/icearbaby/zhitian/fengxu.html]
[sky.geocities.jp/icearbaby/image/zhitian/fengxu.jpg]
[sky.geocities.jp/icearbaby/zhitian/pingshou.html]
[sky.geocities.jp/icearbaby/image/zhitian/pingshou.jpg]
[sky.geocities.jp/icearbaby/zhitian/daosan.html]
[sky.geocities.jp/icearbaby/image/zhitian/daosan.jpg]
[sky.geocities.jp/icearbaby/zhitian/fubu.html]
[sky.geocities.jp/icearbaby/image/zhitian/fubu.jpg]
[sky.geocities.jp/icearbaby/zhitian/lijia.html]
[sky.geocities.jp/icearbaby/image/zhitian/lijia.jpg]
[sky.geocities.jp/icearbaby/zhitian/ningning.html]
[sky.geocities.jp/icearbaby/image/zhitian/ningning.jpg]
[sky.geocities.jp/icearbaby/zhitian/liusheng.html]
[sky.geocities.jp/icearbaby/image/zhitian/liusheng.jpg]
[sky.geocities.jp/icearbaby/zhitian/chengzheng.html]
[sky.geocities.jp/icearbaby/image/zhitian/chengzheng.jpg]
[sky.geocities.jp/icearbaby/zhitian/daoye.html]
[sky.geocities.jp/icearbaby/image/zhitian/daoye.jpg]
[sky.geocities.jp/icearbaby/zhitian/heitian.html]
[sky.geocities.jp/icearbaby/image/zhitian/heitian.jpg]
[sky.geocities.jp/icearbaby/zhitian/jiugui.html]
[sky.geocities.jp/icearbaby/image/zhitian/jiugui.jpg]
[sky.geocities.jp/icearbaby/zhitian/ruilong.html]
[sky.geocities.jp/icearbaby/image/zhitian/ruilong.png]
[sky.geocities.jp/icearbaby/zhitian/xianshi.html]
[sky.geocities.jp/icearbaby/image/zhitian/xianshi.jpg]
[sky.geocities.jp/icearbaby/zhitian/zhitian.html]
[sky.geocities.jp/icearbaby/image/zhitian/zhitian.gif.png]
[sky.geocities.jp/icearbaby/zhitian/nongji.html]
[sky.geocities.jp/icearbaby/image/zhitian/nongji.jpg]
[sky.geocities.jp/icearbaby/zhitian/chaitian.html]
[sky.geocities.jp/icearbaby/image/zhitian/chaitian.jpg]
[sky.geocities.jp/icearbaby/zhitian/yuchai.html]
[sky.geocities.jp/icearbaby/image/zhitian/yuchai.jpg]
[sky.geocities.jp/icearbaby/zhitian/shitian.html]
[sky.geocities.jp/icearbaby/image/zhitian/shitian.jpg]
[sky.geocities.jp/icearbaby/zhitian/danyu.html]
[sky.geocities.jp/icearbaby/image/zhitian/danyu.jpg]
[sky.geocities.jp/icearbaby/zhitian/senlan.html]
[sky.geocities.jp/icearbaby/image/zhitian/senlan.jpg]
[sky.geocities.jp/icearbaby/zhitian/longchuan.html]
[sky.geocities.jp/icearbaby/image/zhitian/longchuan.jpg]
[sky.geocities.jp/icearbaby/zhitian/zhengxin.html]
[sky.geocities.jp/icearbaby/image/zhitian/zhengxin.jpg]
[sky.geocities.jp/icearbaby/zhitian/asong.html]
[sky.geocities.jp/icearbaby/image/zhitian/asong.jpg]
[sky.geocities.jp/icearbaby/zhitian/daozuo.html]
[sky.geocities.jp/icearbaby/image/zhitian/daozuo.gif]
[sky.geocities.jp/icearbaby/zhitian.html]
[sky.geocities.jp/icearbaby/image/lianhe.jpg]
[sky.geocities.jp/icearbaby/lianhe/zahe.html]
[sky.geocities.jp/icearbaby/image/lianhe/zahe.png]
[sky.geocities.jp/icearbaby/lianhe/fengmo.html]
[sky.geocities.jp/icearbaby/image/lianhe/fengmo.png]
[sky.geocities.jp/icearbaby/lianhe/zhaoxin.html]
[sky.geocities.jp/icearbaby/image/lianhe/zhaoxin.png]
[sky.geocities.jp/icearbaby/lianhe/yida.html]
[sky.geocities.jp/icearbaby/image/lianhe/yida.gif]
[sky.geocities.jp/icearbaby/lianhe/maoli.html]
[sky.geocities.jp/icearbaby/image/lianhe/maoli.png]
[sky.geocities.jp/icearbaby/lianhe/zhentian.html]
[sky.geocities.jp/icearbaby/image/lianhe/zhentian.png]
[sky.geocities.jp/icearbaby/lianhe/zuli.html]
[sky.geocities.jp/icearbaby/image/lianhe/zuli.png]
[sky.geocities.jp/icearbaby/lianhe/qianjing.html]
[sky.geocities.jp/icearbaby/image/lianhe/qianjing.png]
[sky.geocities.jp/icearbaby/lianhe/changxing.html]
[sky.geocities.jp/icearbaby/image/lianhe/changxing.png]
[sky.geocities.jp/icearbaby/lianhe/sanhao.html]
[sky.geocities.jp/icearbaby/image/lianhe/sanhao.png]
[sky.geocities.jp/icearbaby/lianhe/juji.html]
[sky.geocities.jp/icearbaby/image/lianhe/juji.png]
[sky.geocities.jp/icearbaby/lianhe/baidi.html]
[sky.geocities.jp/icearbaby/image/lianhe/baidi.jpg]
[sky.geocities.jp/icearbaby/lianhe/piancang.html]
[sky.geocities.jp/icearbaby/image/lianhe/piancang.gif]
[sky.geocities.jp/icearbaby/lianhe/jinchuan.html]
[sky.geocities.jp/icearbaby/image/lianhe/jinchuan.png]
[sky.geocities.jp/icearbaby/lianhe/xingang.html]
[sky.geocities.jp/icearbaby/image/lianhe/xingang.jpg]
[sky.geocities.jp/icearbaby/lianhe/wuyin.html]
[sky.geocities.jp/icearbaby/image/lianhe/wuyin.png]
[sky.geocities.jp/icearbaby/lianhe/huyi.html]
[sky.geocities.jp/icearbaby/image/lianhe/huyi.png]
[sky.geocities.jp/icearbaby/lianhe/yuzuo.html]
[sky.geocities.jp/icearbaby/image/lianhe/yuzuo.png]
[sky.geocities.jp/icearbaby/lianhe/shanxian.html]
[sky.geocities.jp/icearbaby/image/lianhe/shanxian.png]
[sky.geocities.jp/icearbaby/lianhe/machang.html]
[sky.geocities.jp/icearbaby/image/lianhe/machang.jpg]
[sky.geocities.jp/icearbaby/lianhe/taiyuan.html]
[sky.geocities.jp/icearbaby/image/lianhe/taiyuan.png]
[sky.geocities.jp/icearbaby/lianhe/benyuan.html]
[sky.geocities.jp/icearbaby/image/lianhe/benyuan.png]
[sky.geocities.jp/icearbaby/lianhe/wangyue.html]
[sky.geocities.jp/icearbaby/image/lianhe/wangyue.jpg]
[sky.geocities.jp/icearbaby/lianhe/guixiao.html]
[sky.geocities.jp/icearbaby/image/lianhe/guixiao.png]
[sky.geocities.jp/icearbaby/lianhe/songyong.html]
[sky.geocities.jp/icearbaby/image/lianhe/songyong.png]
[sky.geocities.jp/icearbaby/lianhe/cunshang.html]
[sky.geocities.jp/icearbaby/image/lianhe/cunshang.png]
[sky.geocities.jp/icearbaby/lianhe/shiqi.html]
[sky.geocities.jp/icearbaby/image/lianhe/shiqi.png]
[sky.geocities.jp/icearbaby/lianhe/shangshan.html]
[sky.geocities.jp/icearbaby/image/lianhe/shangshan.png]
[sky.geocities.jp/icearbaby/lianhe/xinxuan.html]
[sky.geocities.jp/icearbaby/image/lianhe/xinxuan.png]
[sky.geocities.jp/icearbaby/lianhe/zuishang.html]
[sky.geocities.jp/icearbaby/image/lianhe/zuishang.jpg]
[sky.geocities.jp/icearbaby/lianhe/shenglai.html]
[sky.geocities.jp/icearbaby/image/lianhe/shenglai.png]
[sky.geocities.jp/icearbaby/lianhe/zhijiang.html]
[sky.geocities.jp/icearbaby/image/lianhe/zhijiang.jpg]
[sky.geocities.jp/icearbaby/lianhe.html]
[sky.geocities.jp/icearbaby/image/zhongli.jpg]
[sky.geocities.jp/icearbaby/zhongli/dayou.html]
[sky.geocities.jp/icearbaby/image/zhongli/dayou.jpg]
[sky.geocities.jp/icearbaby/zhongli/zhaiteng.html]
[sky.geocities.jp/icearbaby/image/zhongli/zhaiteng.png]
[sky.geocities.jp/icearbaby/zhongli/yuzi.html]
[sky.geocities.jp/icearbaby/image/zhongli/yuzi.jpg]
[sky.geocities.jp/icearbaby/zhongli/guoxin.html]
[sky.geocities.jp/icearbaby/image/zhongli/guoxin.png]
[sky.geocities.jp/icearbaby/zhongli/ashi.html]
[sky.geocities.jp/icearbaby/image/zhongli/ashi.png]
[sky.geocities.jp/icearbaby/zhongli/chacha.html]
[sky.geocities.jp/icearbaby/image/zhongli/chacha.gif]
[sky.geocities.jp/icearbaby/zhongli/songji.html]
[sky.geocities.jp/icearbaby/image/zhongli/songji.jpg]
[sky.geocities.jp/icearbaby/zhongli/changzong.html]
[sky.geocities.jp/icearbaby/image/zhongli/changzong.png]
[sky.geocities.jp/icearbaby/zhongli/jiateng.html]
[sky.geocities.jp/icearbaby/image/zhongli/jiateng.jpg]
[sky.geocities.jp/icearbaby/zhongli/guangxiu.html]
[sky.geocities.jp/icearbaby/image/zhongli/guangxiu.jpg]
[sky.geocities.jp/icearbaby/zhongli/xiuman.html]
[sky.geocities.jp/icearbaby/image/zhongli/xiuman.jpg]
[sky.geocities.jp/icearbaby/zhongli/daojin.html]
[sky.geocities.jp/icearbaby/image/zhongli/daojin.png]
[sky.geocities.jp/icearbaby/zhongli/aguo.html]
[sky.geocities.jp/icearbaby/image/zhongli/aguo.png]
[sky.geocities.jp/icearbaby/zhongli/qingci.html]
[sky.geocities.jp/icearbaby/image/zhongli/qingci.jpg]
[sky.geocities.jp/icearbaby/zhongli/weimen.html]
[sky.geocities.jp/icearbaby/image/zhongli/weimen.jpg]
[sky.geocities.jp/icearbaby/zhongli/daoxue.html]
[sky.geocities.jp/icearbaby/image/zhongli/daoxue.jpg]
[sky.geocities.jp/icearbaby/zhongli/cilang.html]
[sky.geocities.jp/icearbaby/image/zhongli/cilang.jpg]
[sky.geocities.jp/icearbaby/zhongli/qianqia.html]
[sky.geocities.jp/icearbaby/image/zhongli/qianqia.jpg]
[sky.geocities.jp/icearbaby/zhongli/xiangzong.html]
[sky.geocities.jp/icearbaby/image/zhongli/xiangzong.jpg]
[sky.geocities.jp/icearbaby/zhongli/zongmao.html]
[sky.geocities.jp/icearbaby/image/zhongli/zongmao.jpg]
[sky.geocities.jp/icearbaby/zhongli/gongben.html]
[sky.geocities.jp/icearbaby/image/zhongli/gongben.png]
[sky.geocities.jp/icearbaby/zhongli.html]
[sky.geocities.jp/icearbaby/image/teijiang/qianghua.gif]
[sky.geocities.jp/icearbaby/image/teijiang/zaisheng.png]
[sky.geocities.jp/icearbaby/image/teijiang/huimo.gif]
[sky.geocities.jp/icearbaby/image/teijiang/shengming.gif]
[sky.geocities.jp/icearbaby/image/teijiang/fali.gif]
[sky.geocities.jp/icearbaby/image/teijiang/rouruan.png]
[sky.geocities.jp/icearbaby/image/teijiang/kuangbao.png]
[sky.geocities.jp/icearbaby/image/teijiang/nengliang.gif]
[sky.geocities.jp/icearbaby/goods/teijiang.html]
[sky.geocities.jp/icearbaby/image/wuqi/dadao.png]
[sky.geocities.jp/icearbaby/image/wuqi/taidao.png]
[sky.geocities.jp/icearbaby/image/wuqi/tidao.png]
[sky.geocities.jp/icearbaby/image/wuqi/chuzhang.png]
[sky.geocities.jp/icearbaby/image/wuqi/xizhang.png]
[sky.geocities.jp/icearbaby/image/wuqi/changqiang.png]
[sky.geocities.jp/icearbaby/image/wuqi/fumo.png]
[sky.geocities.jp/icearbaby/image/wuqi/yifa.png]
[sky.geocities.jp/icearbaby/image/wuqi/yaodao.png]
[sky.geocities.jp/icearbaby/image/wuqi/fengli.jpg]
[sky.geocities.jp/icearbaby/image/wuqi/jifu.png]
[sky.geocities.jp/icearbaby/goods/wuqi.html]
[sky.geocities.jp/icearbaby/image/fangju/zhequn.gif]
[sky.geocities.jp/icearbaby/image/fangju/zhenyu.png]
[sky.geocities.jp/icearbaby/image/fangju/dou.jpg]
[sky.geocities.jp/icearbaby/image/fangju/duanjia.gif]
[sky.geocities.jp/icearbaby/image/fangju/kaizhi.gif]
[sky.geocities.jp/icearbaby/image/fangju/guajia.png]
[sky.geocities.jp/icearbaby/image/fangju/dakai.jpg]
[sky.geocities.jp/icearbaby/image/fangju/lianpian.gif]
[sky.geocities.jp/icearbaby/image/fangju/dongwan.jpg]
[sky.geocities.jp/icearbaby/image/fangju/longshou.png]
[sky.geocities.jp/icearbaby/image/fangju/naodang.png]
[sky.geocities.jp/icearbaby/goods/fangju.html]
[sky.geocities.jp/icearbaby/image/fangju/teimu.png]
[sky.geocities.jp/icearbaby/image/fangju/shihuan.png]
[sky.geocities.jp/icearbaby/image/zahuo/xiandou.gif]
[sky.geocities.jp/icearbaby/image/zahuo/kangmo.jpg]
[sky.geocities.jp/icearbaby/image/zahuo/liaoyu.png]
[sky.geocities.jp/icearbaby/image/fangju/jiezhi.png]
[sky.geocities.jp/icearbaby/image/zahuo/dongcha.png]
[sky.geocities.jp/icearbaby/goods/zahuo.html]
[sky.geocities.jp/icearbaby/image/shutan/fengjaun.gif]
[sky.geocities.jp/icearbaby/image/shutan/shanzhi.gif]
[sky.geocities.jp/icearbaby/image/shutan/huozhi.gif]
[sky.geocities.jp/icearbaby/image/shutan/yinzhi.gif]
[sky.geocities.jp/icearbaby/image/shutan/tianbian.gif]
[sky.geocities.jp/icearbaby/image/shutan/luoshi.gif]
[sky.geocities.jp/icearbaby/image/shutan/shuiji.jpg]
[sky.geocities.jp/icearbaby/image/shutan/huoji.jpg]
[sky.geocities.jp/icearbaby/image/shutan/leizhi.gif]
[sky.geocities.jp/icearbaby/image/shutan/bingfa.jpg]
[sky.geocities.jp/icearbaby/image/shutan/fashu.gif]
[sky.geocities.jp/icearbaby/goods/shutan.html]
[sky.geocities.jp/icearbaby/image/wujia/liliang.png]
[sky.geocities.jp/icearbaby/image/wujia/linghuo.png]
[sky.geocities.jp/icearbaby/image/wujia/zhihui.png]
[sky.geocities.jp/icearbaby/image/wujia/linghun.png]
[sky.geocities.jp/icearbaby/image/wujia/shenfu.gif]
[sky.geocities.jp/icearbaby/image/wujia/chuijian.gif]
[sky.geocities.jp/icearbaby/image/wujia/jinggang.png]
[sky.geocities.jp/icearbaby/image/wujia/huizhang.gif]
[sky.geocities.jp/icearbaby/image/wujia/shunzi.png]
[sky.geocities.jp/icearbaby/image/wujia/dizang.png]
[sky.geocities.jp/icearbaby/image/wujia/linzhi.jpg]
[sky.geocities.jp/icearbaby/image/wujia/kuangfeng.jpg]
[sky.geocities.jp/icearbaby/goods/wujia.html]
[sky.geocities.jp/icearbaby/image/nanman/wangyuan.png]
[sky.geocities.jp/icearbaby/image/nanman/hetun.png]
[sky.geocities.jp/icearbaby/image/nanman/xiandou.gif]
[sky.geocities.jp/icearbaby/image/nanman/kangmo.jpg]
[sky.geocities.jp/icearbaby/image/nanman/liaoyu.png]
[sky.geocities.jp/icearbaby/image/nanman/huosheng.png]
[sky.geocities.jp/icearbaby/image/nanman/baoshi.png]
[sky.geocities.jp/icearbaby/image/nanman/jiezhi.jpg]
[sky.geocities.jp/icearbaby/image/nanman/chanwan.jpg]
[sky.geocities.jp/icearbaby/image/nanman/xuezou.png]
[sky.geocities.jp/icearbaby/image/nanman/bingji.jpg]
[sky.geocities.jp/icearbaby/goods/nanman.html]
[sky.geocities.jp/icearbaby/image/jijiu/qingjiu.png]
[sky.geocities.jp/icearbaby/image/jijiu/shaojiu.png]
[sky.geocities.jp/icearbaby/goods/jijiu.html]
[sky.geocities.jp/icearbaby/image/tiepao/huosheng.png]
[sky.geocities.jp/icearbaby/image/tiepao/guobeng.png]
[sky.geocities.jp/icearbaby/goods/tiepao.html]
[sky.geocities.jp/icearbaby/image/yihe/jifeng.jpg]
[sky.geocities.jp/icearbaby/image/yihe/baolie.jpg]
[sky.geocities.jp/icearbaby/image/yihe/shouli.jpg]
[sky.geocities.jp/icearbaby/image/yihe/chuijian.gif]
[sky.geocities.jp/icearbaby/goods/yihe.html]
[sky.geocities.jp/icearbaby/image/renzhe/xiaren.png]
[sky.geocities.jp/icearbaby/image/renzhe/zhongren.png]
[sky.geocities.jp/icearbaby/image/renzhe/shangren.png]
[sky.geocities.jp/icearbaby/image/renzhe/qingbao.png]
[sky.geocities.jp/icearbaby/goods/renzhe.html]
[sky.geocities.jp/icearbaby/image/mingdao/yaogong.jpg]
[sky.geocities.jp/icearbaby/image/mingdao/taidao.gif]
[sky.geocities.jp/icearbaby/image/mingdao/chitian.jpg]
[sky.geocities.jp/icearbaby/image/mingdao/yinyi.jpg]
[sky.geocities.jp/icearbaby/image/mingdao/changchuan.gif]
[sky.geocities.jp/icearbaby/image/mingdao/guiche.gif]
[sky.geocities.jp/icearbaby/image/mingdao/zhengzong.gif]
[sky.geocities.jp/icearbaby/image/mingdao/changceng.gif]
[sky.geocities.jp/icearbaby/image/mingdao/kuiwen.gif]
[sky.geocities.jp/icearbaby/image/mingdao/qingling.gif]
[sky.geocities.jp/icearbaby/image/mingdao/tiesui.gif]
[sky.geocities.jp/icearbaby/image/mingdao/cunzheng.gif]
[sky.geocities.jp/icearbaby/image/mingdao/guiwan.jpg]
[sky.geocities.jp/icearbaby/image/mingdao/sanri.gif]
[sky.geocities.jp/icearbaby/image/mingdao/meiying.jpg]
[sky.geocities.jp/icearbaby/image/mingdao/shenxi.jpg]
[sky.geocities.jp/icearbaby/goods/mingdao.html]
[sky.geocities.jp/icearbaby/image/tuoma/tuoma.png]
[sky.geocities.jp/icearbaby/goods/tuoma.html]
[sky.geocities.jp/icearbaby/image/fanghe/guijia.jpg]
[sky.geocities.jp/icearbaby/image/fanghe/jingxin.jpg]
[sky.geocities.jp/icearbaby/image/fanghe/wushi.jpg]
[sky.geocities.jp/icearbaby/image/fanghe/nanman.jpg]
[sky.geocities.jp/icearbaby/image/fanghe/nanju.jpg]
[sky.geocities.jp/icearbaby/image/fanghe/huhuo.jpg]
[sky.geocities.jp/icearbaby/image/fanghe/dangshi.jpg]
[sky.geocities.jp/icearbaby/image/fanghe/rouruan.jpg]
[sky.geocities.jp/icearbaby/image/fanghe/guamian.jpg]
[sky.geocities.jp/icearbaby/image/fanghe/zhenzhi.jpg]
[sky.geocities.jp/icearbaby/image/fanghe/zhimo.png]
[sky.geocities.jp/icearbaby/image/fanghe/zhouyu.jpg]
[sky.geocities.jp/icearbaby/goods/fanghe.html]
[sky.geocities.jp/icearbaby/image/tehe/chilei.jpg]
[sky.geocities.jp/icearbaby/image/tehe/dayan.jpg]
[sky.geocities.jp/icearbaby/image/tehe/pingzhi.gif]
[sky.geocities.jp/icearbaby/image/tehe/baili.jpg]
[sky.geocities.jp/icearbaby/image/tehe/pofeng.png]
[sky.geocities.jp/icearbaby/image/tehe/guilong.gif]
[sky.geocities.jp/icearbaby/goods/tehe.html]
[sky.geocities.jp/icearbaby/image/wuhe/wulei.jpg]
[sky.geocities.jp/icearbaby/image/wuhe/rouruan.jpg]
[sky.geocities.jp/icearbaby/image/wuhe/jingang.png]
[sky.geocities.jp/icearbaby/image/wuhe/zhentai.jpg]
[sky.geocities.jp/icearbaby/image/wuhe/yetai.jpg]
[sky.geocities.jp/icearbaby/image/wuhe/changjuan.gif]
[sky.geocities.jp/icearbaby/image/wuhe/jiezhang.jpg]
[sky.geocities.jp/icearbaby/image/wuhe/jiezhu.gif]
[sky.geocities.jp/icearbaby/image/wuhe/yushen.png]
[sky.geocities.jp/icearbaby/image/wuhe/zhanyue.jpg]
[sky.geocities.jp/icearbaby/image/wuhe/xiecha.png]
[sky.geocities.jp/icearbaby/image/wuhe/shizi.jpg]
[sky.geocities.jp/icearbaby/goods/wuhe.html]
[sky.geocities.jp/icearbaby/image/wuhe1/niren.jpg]
[sky.geocities.jp/icearbaby/image/wuhe1/liuli.gif]
[sky.geocities.jp/icearbaby/image/wuhe1/shixue.jpg]
[sky.geocities.jp/icearbaby/image/wuhe1/jilong.jpg]
[sky.geocities.jp/icearbaby/image/wuhe1/jigang.jpg]
[sky.geocities.jp/icearbaby/image/wuhe1/renzhe.jpg]
[sky.geocities.jp/icearbaby/image/wuhe1/dongyun.jpg]
[sky.geocities.jp/icearbaby/image/wuhe1/hequan.jpg]
[sky.geocities.jp/icearbaby/image/wuhe1/tieshan.jpg]
[sky.geocities.jp/icearbaby/image/wuhe1/hetun.jpg]
[sky.geocities.jp/icearbaby/image/wuhe1/shenyin.jpg]
[sky.geocities.jp/icearbaby/goods/wuhe1.html]
[sky.geocities.jp/icearbaby/image/bing/qibing.png]
[sky.geocities.jp/icearbaby/image/bing/qiangqin.png]
[sky.geocities.jp/icearbaby/image/bing/gongjian.png]
[sky.geocities.jp/icearbaby/image/bing/sanduan.png]
[sky.geocities.jp/icearbaby/image/bing/bigbing.png]
[sky.geocities.jp/icearbaby/image/bing/bigbing2.png]
[sky.geocities.jp/icearbaby/image/bing/bigbing1.png]
[sky.geocities.jp/icearbaby/budui1.html]
[sky.geocities.jp/icearbaby/image/bing/mubing.png]
[sky.geocities.jp/icearbaby/image/bing/mubing1.png]
[sky.geocities.jp/icearbaby/image/bing/shijin.png]
[sky.geocities.jp/icearbaby/image/bing/junqi.png]
[sites.google.com/site/xinzhangciyewang2/zhan-fa-zi-liao/333.16d6fb5.delayed]
[sites.google.com/site/xinzhangciyewang2/zhan-fa-zi-liao/3336fb5.html]
[sites.google.com/site/xinzhangciyewang2/_/rsrc/1252675492436/zhan-fa-zi-liao/333.16f.delayed]
[sites.google.com/site/xinzhangciyewang2/_/rsrc/1252675492436/zhan-fa-zi-liao/333.gif]
[sites.google.com/site/xinzhangciyewang2/zhan-fa-zi-liao/444.1716fb5.delayed]
[sites.google.com/site/xinzhangciyewang2/_/rsrc/1252675504720/zhan-fa-zi-liao/444.173.delayed]
[sites.google.com/site/xinzhangciyewang2/_/rsrc/1252675504720/zhan-fa-zi-liao/444.gif]
[sites.google.com/site/xinzhangciyewang2/zhan-fa-zi-liao/555.1756fb5.delayed]
[sites.google.com/site/xinzhangciyewang2/zhan-fa-zi-liao/4446fb5.html]
[sites.google.com/site/xinzhangciyewang2/_/rsrc/1252675515695/zhan-fa-zi-liao/555.177.delayed]
[sites.google.com/site/xinzhangciyewang2/_/rsrc/1252675515695/zhan-fa-zi-liao/555.gif]
[sites.google.com/site/xinzhangciyewang2/zhan-fa-zi-liao/5556fb5.html]
[sites.google.com/site/xinzhangciyewang2/zhan-fa-zi-liao/666.1796fb5.delayed]
[sites.google.com/site/xinzhangciyewang2/_/rsrc/1252675525434/zhan-fa-zi-liao/666.17b.delayed]
[sites.google.com/site/xinzhangciyewang2/_/rsrc/1252675525434/zhan-fa-zi-liao/666.gif]
[sites.google.com/site/xinzhangciyewang2/zhan-fa-zi-liao/777.17d6fb5.delayed]
[sites.google.com/site/xinzhangciyewang2/_/rsrc/1252675537155/zhan-fa-zi-liao/777.17f.delayed]
[sites.google.com/site/xinzhangciyewang2/zhan-fa-zi-liao/6666fb5.html]
[sites.google.com/site/xinzhangciyewang2/zhan-fa-zi-liao/7776fb5.html]
[sites.google.com/site/xinzhangciyewang2/_/rsrc/1252675537155/zhan-fa-zi-liao/777.gif]
[sites.google.com/site/xinzhangciyewang2/zhan-fa-zi-liao/888.1816fb5.delayed]
[sites.google.com/site/xinzhangciyewang2/_/rsrc/1252675549484/zhan-fa-zi-liao/888.183.delayed]
[sites.google.com/site/xinzhangciyewang2/zhan-fa-zi-liao/8886fb5.html]
[sites.google.com/site/xinzhangciyewang2/_/rsrc/1252675549484/zhan-fa-zi-liao/888.gif]
[sky.geocities.jp/icearbaby/image/bing/huoshi.png]
[sky.geocities.jp/icearbaby/budui.html]
[sky.geocities.jp/icearbaby/image/bing/monster.png]
[sky.geocities.jp/icearbaby/image/bing/ren2.png]
[sky.geocities.jp/icearbaby/image/bing/ren1.png]
[sky.geocities.jp/icearbaby/image/bing/langren.png]
[sky.geocities.jp/icearbaby/image/bing/lang.png]
[sky.geocities.jp/icearbaby/image/bing/lang1.png]
[sky.geocities.jp/icearbaby/image/bing/bear.png]
[sky.geocities.jp/icearbaby/image/bing/gui.png]
[sky.geocities.jp/icearbaby/image/bing/shanzei.png]
[sky.geocities.jp/icearbaby/image/bing/egun.png]
[sky.geocities.jp/icearbaby/image/bing/qiangdao.png]
[sky.geocities.jp/icearbaby/image/bing/cike.png]
[sky.geocities.jp/icearbaby/image/bing/zhixing.png]
[sky.geocities.jp/icearbaby/image/bing/siwang.png]
[sky.geocities.jp/icearbaby/image/bing/yewu.png]
[sky.geocities.jp/icearbaby/image/bing/yeman.png]
[sky.geocities.jp/icearbaby/image/bing/junshi.png]
[sky.geocities.jp/icearbaby/image/bing/qingqi.png]
[sky.geocities.jp/icearbaby/image/bing/qiangwang.png]
[sky.geocities.jp/icearbaby/budui2.html]
[sky.geocities.jp/icearbaby/jiaoxue/dechuan.html]
[sky.geocities.jp/icearbaby/jiaoxue/daoji.html]
[sky.geocities.jp/icearbaby/jiaoxue/shichuan.html]
[sky.geocities.jp/icearbaby/jiaoxue/zhuzhong.html]
[sky.geocities.jp/icearbaby/jiaoxue/jiujing.html]
[sky.geocities.jp/icearbaby/jiaoxue/jingyi.html]
[sky.geocities.jp/icearbaby/jiaoxue/benduo.html]
[sky.geocities.jp/icearbaby/jiaoxue/shenyuan.html]
[sky.geocities.jp/icearbaby/jiaoxue/fengxu.html]
[sky.geocities.jp/icearbaby/jiaoxue/pingshou.html]
[sky.geocities.jp/icearbaby/jiaoxue/daosan.html]
[sky.geocities.jp/icearbaby/jiaoxue/fubu.html]
[sky.geocities.jp/icearbaby/jiaoxue/lijia.html]
[sky.geocities.jp/icearbaby/jiaoxue/ningning.html]
[sky.geocities.jp/icearbaby/jiaoxue/liusheng.html]
[sky.geocities.jp/icearbaby/jiaoxue/chengzheng.html]
[sky.geocities.jp/icearbaby/jiaoxue/daoye.html]
[sky.geocities.jp/icearbaby/jiaoxue/heitian.html]
[sky.geocities.jp/icearbaby/jiaoxue/jiugui.html]
[sky.geocities.jp/icearbaby/jiaoxue/ruilong.html]
[sky.geocities.jp/icearbaby/jiaoxue/xianshi.html]
[sky.geocities.jp/icearbaby/jiaoxue/zhitian.html]
[sky.geocities.jp/icearbaby/jiaoxue/nongji.html]
[sky.geocities.jp/icearbaby/jiaoxue/chaitian.html]
[sky.geocities.jp/icearbaby/jiaoxue/yuchai.html]
[sky.geocities.jp/icearbaby/jiaoxue/shitian.html]
[sky.geocities.jp/icearbaby/jiaoxue/danyu.html]
[sky.geocities.jp/icearbaby/jiaoxue/senlan.html]
[sky.geocities.jp/icearbaby/jiaoxue/longchuan.html]
[sky.geocities.jp/icearbaby/jiaoxue/zhengxin.html]
[sky.geocities.jp/icearbaby/jiaoxue/asong.html]
[sky.geocities.jp/icearbaby/jiaoxue/daozuo.html]
[sky.geocities.jp/icearbaby/jiaoxue/zahe.html]
[sky.geocities.jp/icearbaby/jiaoxue/fengmo.html]
[sky.geocities.jp/icearbaby/jiaoxue/zhaoxin.html]
[sky.geocities.jp/icearbaby/jiaoxue/yida.html]
[sky.geocities.jp/icearbaby/jiaoxue/maoli.html]
[sky.geocities.jp/icearbaby/jiaoxue/zhentian.html]
[sky.geocities.jp/icearbaby/jiaoxue/zuli.html]
[sky.geocities.jp/icearbaby/jiaoxue/qianjing.html]
[sky.geocities.jp/icearbaby/jiaoxue/changxing.html]
[sky.geocities.jp/icearbaby/jiaoxue/sanhao.html]
[sky.geocities.jp/icearbaby/jiaoxue/juji.html]
[sky.geocities.jp/icearbaby/jiaoxue/baidi.html]
[sky.geocities.jp/icearbaby/jiaoxue/piancang.html]
[sky.geocities.jp/icearbaby/jiaoxue/jinchuan.html]
[sky.geocities.jp/icearbaby/jiaoxue/xingang.html]
[sky.geocities.jp/icearbaby/jiaoxue/wuyin.html]
[sky.geocities.jp/icearbaby/jiaoxue/huyi.html]
[sky.geocities.jp/icearbaby/jiaoxue/yuzuo.html]
[sky.geocities.jp/icearbaby/jiaoxue/shanxian.html]
[sky.geocities.jp/icearbaby/jiaoxue/machang.html]
[sky.geocities.jp/icearbaby/jiaoxue/taiyuan.html]
[sky.geocities.jp/icearbaby/jiaoxue/benyuan.html]
[sky.geocities.jp/icearbaby/jiaoxue/wangyue.html]
[sky.geocities.jp/icearbaby/jiaoxue/guixiao.html]
[sky.geocities.jp/icearbaby/jiaoxue/songyong.html]
[sky.geocities.jp/icearbaby/jiaoxue/cunshang.html]
[sky.geocities.jp/icearbaby/jiaoxue/shiqi.html]
[sky.geocities.jp/icearbaby/jiaoxue/shangshan.html]
[sky.geocities.jp/icearbaby/jiaoxue/xinxuan.html]
[sky.geocities.jp/icearbaby/jiaoxue/zuishang.html]
[sky.geocities.jp/icearbaby/jiaoxue/shenglai.html]
[sky.geocities.jp/icearbaby/jiaoxue/zhijiang.html]
[sky.geocities.jp/icearbaby/jiaoxue/dayou.html]
[sky.geocities.jp/icearbaby/jiaoxue/zhaiteng.html]
[sky.geocities.jp/icearbaby/jiaoxue/yuzi.html]
[sky.geocities.jp/icearbaby/jiaoxue/guoxin.html]
[sky.geocities.jp/icearbaby/jiaoxue/ashi.html]
[sky.geocities.jp/icearbaby/jiaoxue/chacha.html]
[sky.geocities.jp/icearbaby/jiaoxue/songji.html]
[sky.geocities.jp/icearbaby/jiaoxue/changzong.html]
[sky.geocities.jp/icearbaby/jiaoxue/jiateng.html]
[sky.geocities.jp/icearbaby/jiaoxue/guangxiu.html]
[sky.geocities.jp/icearbaby/jiaoxue/xiuman.html]
[sky.geocities.jp/icearbaby/jiaoxue/daojin.html]
[sky.geocities.jp/icearbaby/jiaoxue/aguo.html]
[sky.geocities.jp/icearbaby/jiaoxue/qingci.html]
[sky.geocities.jp/icearbaby/jiaoxue/weimen.html]
[sky.geocities.jp/icearbaby/jiaoxue/daoxue.html]
[sky.geocities.jp/icearbaby/jiaoxue/cilang.html]
[sky.geocities.jp/icearbaby/jiaoxue/qianqia.html]
[sky.geocities.jp/icearbaby/jiaoxue/xiangzong.html]
[sky.geocities.jp/icearbaby/jiaoxue/zongmao.html]
[sky.geocities.jp/icearbaby/jiaoxue/gongben.html]
[sky.geocities.jp/icearbaby/jiaoxue.html]
[sky.geocities.jp/icearbaby/zhishi.html]
[sky.geocities.jp/icearbaby/map/112B_FAF_FixE.zip]
[sky.geocities.jp/icearbaby/map/22_302244_85af5cfb2f0d3fd.zip]
[sky.geocities.jp/icearbaby/map/chien-jing.zip]
[sky.geocities.jp/icearbaby/map/11.2B_AI_2.3.zip]
[sky.geocities.jp/icearbaby/program.html]
[sky.geocities.jp/icearbaby/image/goodlines/S.gif]
[sky.geocities.jp/icearbaby/image/goodlines/war.gif]
[sky.geocities.jp/icearbaby/image/goodlines/shemo.gif]
[sky.geocities.jp/icearbaby/image/goodlines/II.jpg]
[sky.geocities.jp/icearbaby/image/goodlines/qihuan.gif]
[sky.geocities.jp/icearbaby/image/goodlines/gamer.gif]
[sky.geocities.jp/icearbaby/image/goodlines/gamebase.gif]
[sky.geocities.jp/icearbaby/image/goodlines/ggc.gif]
[sky.geocities.jp/icearbaby/image/goodlines/vlan.png]
[sky.geocities.jp/icearbaby/image/goodlines/kyo.jpg]
[sky.geocities.jp/icearbaby/image/goodlines/Firefox.png]
[sky.geocities.jp/icearbaby/image/goodlines/google.gif]
[sky.geocities.jp/icearbaby/goodlines.html]
[sky.geocities.jp/icearbaby/image/zhitian/dechuan/dechuan.jpg]
[sky.geocities.jp/icearbaby/image/zhitian/dechuan/dongzhao.jpg]
[sky.geocities.jp/icearbaby/image/zhitian/dechuan/tianluo.png]
[sky.geocities.jp/icearbaby/image/zhitian/dechuan/leiting.png]
[sky.geocities.jp/icearbaby/image/zhitian/dechuan/sanhe.jpg]
[sky.geocities.jp/icearbaby/zhitian/dechuan.html]
[sky.geocities.jp/icearbaby/image/zhitian/daoji/daoji.jpg]
[sky.geocities.jp/icearbaby/image/zhitian/daoji/xiedu.jpg]
[sky.geocities.jp/icearbaby/image/zhitian/daoji/fengli.jpg]
[sky.geocities.jp/icearbaby/image/zhitian/daoji/ziwo.jpg]
[sky.geocities.jp/icearbaby/image/zhitian/daoji/rongying.png]
[sky.geocities.jp/icearbaby/zhitian/daoji.html]
[sky.geocities.jp/icearbaby/image/zhitian/shichuan/shichuan.jpg]
[sky.geocities.jp/icearbaby/image/zhitian/shichuan/jisheng.png]
[sky.geocities.jp/icearbaby/image/zhitian/shichuan/mofa.png]
[sky.geocities.jp/icearbaby/image/zhitian/shichuan/huatou.png]
[sky.geocities.jp/icearbaby/image/zhitian/shichuan/yaoshe.jpg]
[sky.geocities.jp/icearbaby/zhitian/shichuan.html]
[sky.geocities.jp/icearbaby/image/zhitian/zhuzhong/zhuzhong.jpg]
[sky.geocities.jp/icearbaby/image/zhitian/zhuzhong/junshi.png]
[sky.geocities.jp/icearbaby/image/zhitian/zhuzhong/bingxue.png]
[sky.geocities.jp/icearbaby/image/zhitian/zhuzhong/shui.jpg]
[sky.geocities.jp/icearbaby/image/zhitian/zhuzhong/dongjie.png]
[sky.geocities.jp/icearbaby/image/zhitian/zhuzhong/bingshuang.jpg]
[sky.geocities.jp/icearbaby/image/zhitian/zhuzhong/chuixue.png]
[sky.geocities.jp/icearbaby/zhitian/zhuzhong.html]
[sky.geocities.jp/icearbaby/image/zhitian/jiujing/jiujing.jpg]
[sky.geocities.jp/icearbaby/image/zhitian/jiujing/sanhe.png]
[sky.geocities.jp/icearbaby/image/zhitian/jiujing/zhijing.jpg]
[sky.geocities.jp/icearbaby/image/zhitian/jiujing/mengji.png]
[sky.geocities.jp/icearbaby/image/zhitian/jiujing/jiyi.png]
[sky.geocities.jp/icearbaby/zhitian/jiujing.html]
[sky.geocities.jp/icearbaby/image/zhitian/jingyi/jingyi.gif]
[sky.geocities.jp/icearbaby/image/zhitian/jingyi/chigui.jpg]
[sky.geocities.jp/icearbaby/image/zhitian/jingyi/chiyan.png]
[sky.geocities.jp/icearbaby/image/zhitian/jingyi/zhanhun.png]
[sky.geocities.jp/icearbaby/image/zhitian/jingyi/zhinu.png]
[sky.geocities.jp/icearbaby/zhitian/jingyi.html]
[sky.geocities.jp/icearbaby/image/zhitian/benduo/benduo.jpg]
[sky.geocities.jp/icearbaby/image/zhitian/benduo/haofa.jpg]
[sky.geocities.jp/icearbaby/image/zhitian/benduo/chilei.jpg]
[sky.geocities.jp/icearbaby/image/zhitian/benduo/qiangshu.png]
[sky.geocities.jp/icearbaby/image/zhitian/benduo/qidong.png]
[sky.geocities.jp/icearbaby/zhitian/benduo.html]
[sky.geocities.jp/icearbaby/image/zhitian/shenyuan/shenyuan.jpg]
[sky.geocities.jp/icearbaby/image/zhitian/shenyuan/yongwu.png]
[sky.geocities.jp/icearbaby/image/zhitian/shenyuan/jiaowen.png]
[sky.geocities.jp/icearbaby/image/zhitian/shenyuan/liliang.jpg]
[sky.geocities.jp/icearbaby/image/zhitian/shenyuan/gangyi.jpg]
[sky.geocities.jp/icearbaby/zhitian/shenyuan.html]
[sky.geocities.jp/icearbaby/image/zhitian/fengxu/fengxu.jpg]
[sky.geocities.jp/icearbaby/image/zhitian/fengxu/shifu.png]
[sky.geocities.jp/icearbaby/image/zhitian/fengxu/muhua.jpg]
[sky.geocities.jp/icearbaby/image/zhitian/fengxu/xuanwu.gif]
[sky.geocities.jp/icearbaby/image/zhitian/fengxu/tengman.jpg]
[sky.geocities.jp/icearbaby/zhitian/fengxu.html]
[sky.geocities.jp/icearbaby/image/zhitian/pingshou/pingshou.jpg]
[sky.geocities.jp/icearbaby/image/zhitian/pingshou/yixing.png]
[sky.geocities.jp/icearbaby/image/zhitian/pingshou/feishi.png]
[sky.geocities.jp/icearbaby/image/zhitian/pingshou/jibing.png]
[sky.geocities.jp/icearbaby/image/zhitian/pingshou/shengdong.jpg]
[sky.geocities.jp/icearbaby/zhitian/pingshou.html]
[sky.geocities.jp/icearbaby/image/zhitian/daosan/daosan.jpg]
[sky.geocities.jp/icearbaby/image/zhitian/daosan/xuanwo.png]
[sky.geocities.jp/icearbaby/image/zhitian/daosan/fushe.jpg]
[sky.geocities.jp/icearbaby/image/zhitian/daosan/laojian.jpg]
[sky.geocities.jp/icearbaby/image/zhitian/daosan/xieyao.png]
[sky.geocities.jp/icearbaby/zhitian/daosan.html]
[sky.geocities.jp/icearbaby/image/zhitian/fubu/fubu.jpg]
[sky.geocities.jp/icearbaby/image/zhitian/fubu/mizong.png]
[sky.geocities.jp/icearbaby/image/zhitian/fubu/gousuo.jpg]
[sky.geocities.jp/icearbaby/image/zhitian/fubu/yingfen.jpg]
[sky.geocities.jp/icearbaby/image/zhitian/fubu/yinzhan.jpg]
[sky.geocities.jp/icearbaby/zhitian/fubu.html]
[sky.geocities.jp/icearbaby/image/zhitian/lijia/lijia.jpg]
[sky.geocities.jp/icearbaby/image/zhitian/lijia/fenghuang.png]
[sky.geocities.jp/icearbaby/image/zhitian/lijia/benneng.jpg]
[sky.geocities.jp/icearbaby/image/zhitian/lijia/yesheng.jpg]
[sky.geocities.jp/icearbaby/image/zhitian/lijia/zhanhun.png]
[sky.geocities.jp/icearbaby/image/zhitian/lijia/kuangnu.jpg]
[sky.geocities.jp/icearbaby/zhitian/lijia.html]
[sky.geocities.jp/icearbaby/image/zhitian/ningning/ningning.jpg]
[sky.geocities.jp/icearbaby/image/zhitian/ningning/mizong.png]
[sky.geocities.jp/icearbaby/image/zhitian/ningning/guanyue.jpg]
[sky.geocities.jp/icearbaby/image/zhitian/ningning/yingfeng.jpg]
[sky.geocities.jp/icearbaby/image/zhitian/ningning/mengyan.png]
[sky.geocities.jp/icearbaby/zhitian/ningning.html]
[sky.geocities.jp/icearbaby/image/zhitian/liusheng/liusheng.jpg]
[sky.geocities.jp/icearbaby/image/zhitian/liusheng/wudao.png]
[sky.geocities.jp/icearbaby/image/zhitian/liusheng/fuzhou.jpg]
[sky.geocities.jp/icearbaby/image/zhitian/liusheng/xinyin.jpg]
[sky.geocities.jp/icearbaby/image/zhitian/liusheng/shuanglan.png]
[sky.geocities.jp/icearbaby/zhitian/liusheng.html]
[sky.geocities.jp/icearbaby/image/zhitian/chengzheng/chengzheng.jpg]
[sky.geocities.jp/icearbaby/image/zhitian/chengzheng/liuhuang.jpg]
[sky.geocities.jp/icearbaby/image/zhitian/chengzheng/lianji.jpg]
[sky.geocities.jp/icearbaby/image/zhitian/chengzheng/yutie.png]
[sky.geocities.jp/icearbaby/image/zhitian/chengzheng/datong.png]
[sky.geocities.jp/icearbaby/zhitian/chengzheng.html]
[sky.geocities.jp/icearbaby/image/zhitian/daoye/daoye.jpg]
[sky.geocities.jp/icearbaby/image/zhitian/daoye/wangu.jpg]
[sky.geocities.jp/icearbaby/image/zhitian/daoye/daya.jpg]
[sky.geocities.jp/icearbaby/image/zhitian/daoye/shiqi.jpg]
[sky.geocities.jp/icearbaby/image/zhitian/daoye/wuli.png]
[sky.geocities.jp/icearbaby/zhitian/daoye.html]
[sky.geocities.jp/icearbaby/image/zhitian/heitian/heitian.jpg]
[sky.geocities.jp/icearbaby/image/zhitian/heitian/huogong.png]
[sky.geocities.jp/icearbaby/image/zhitian/heitian/lianhuan.png]
[sky.geocities.jp/icearbaby/image/zhitian/heitian/yanzhi.jpg]
[sky.geocities.jp/icearbaby/image/zhitian/heitian/longcheng.jpg]
[sky.geocities.jp/icearbaby/zhitian/heitian.html]
[sky.geocities.jp/icearbaby/image/zhitian/jiugui/jiugui.jpg]
[sky.geocities.jp/icearbaby/image/zhitian/jiugui/haishi.jpg]
[sky.geocities.jp/icearbaby/image/zhitian/jiugui/lingyu.jpg]
[sky.geocities.jp/icearbaby/image/zhitian/jiugui/juzu.jpg]
[sky.geocities.jp/icearbaby/image/zhitian/jiugui/chuanzui.jpg]
[sky.geocities.jp/icearbaby/zhitian/jiugui.html]
[sky.geocities.jp/icearbaby/image/zhitian/ruilong/ruilong.png]
[sky.geocities.jp/icearbaby/image/zhitian/ruilong/yizhi.jpg]
[sky.geocities.jp/icearbaby/image/zhitian/ruilong/shixue.jpg]
[sky.geocities.jp/icearbaby/image/zhitian/ruilong/zhenzhu.jpg]
[sky.geocities.jp/icearbaby/image/zhitian/ruilong/tuihua.jpg]
[sky.geocities.jp/icearbaby/image/zhitian/ruilong/qingbao.jpg]
[sky.geocities.jp/icearbaby/zhitian/ruilong.html]
[sky.geocities.jp/icearbaby/image/zhitian/xianshi/xianshi.jpg]
[sky.geocities.jp/icearbaby/image/zhitian/xianshi/chaonong.png]
[sky.geocities.jp/icearbaby/image/zhitian/xianshi/huzhen.jpg]
[sky.geocities.jp/icearbaby/image/zhitian/xianshi/fanji.jpg]
[sky.geocities.jp/icearbaby/image/zhitian/xianshi/daoshu.jpg]
[sky.geocities.jp/icearbaby/image/zhitian/xianshi/qixuan.jpg]
[sky.geocities.jp/icearbaby/zhitian/xianshi.html]
[sky.geocities.jp/icearbaby/image/zhitian/zhitian/zhitian.gif.png]
[sky.geocities.jp/icearbaby/image/zhitian/zhitian/yanlei.png]
[sky.geocities.jp/icearbaby/image/zhitian/zhitian/ezai.png]
[sky.geocities.jp/icearbaby/image/zhitian/zhitian/yaqie.png]
[sky.geocities.jp/icearbaby/image/zhitian/zhitian/zhangbi.png]
[sky.geocities.jp/icearbaby/zhitian/zhitian.html]
[sky.geocities.jp/icearbaby/image/zhitian/nongji/silian.jpg]
[sky.geocities.jp/icearbaby/image/zhitian/nongji/sanwei.png]
[sky.geocities.jp/icearbaby/image/zhitian/nongji/erding.jpg]
[sky.geocities.jp/icearbaby/image/zhitian/nongji/yiji.png]
[sky.geocities.jp/icearbaby/zhitian/nongji.html]
[sky.geocities.jp/icearbaby/image/zhitian/chaitian/guichai.png]
[sky.geocities.jp/icearbaby/image/zhitian/chaitian/dongdi.png]
[sky.geocities.jp/icearbaby/image/zhitian/chaitian/wuzhe.jpg]
[sky.geocities.jp/icearbaby/image/zhitian/chaitian/chaitian.jpg]
[sky.geocities.jp/icearbaby/zhitian/chaitian.html]
[sky.geocities.jp/icearbaby/image/zhitian/yuchai/xiefa.jpg]
[sky.geocities.jp/icearbaby/image/zhitian/yuchai/zhiliao.png]
[sky.geocities.jp/icearbaby/image/zhitian/yuchai/huoyan.jpg]
[sky.geocities.jp/icearbaby/image/zhitian/yuchai/huoshen.jpg]
[sky.geocities.jp/icearbaby/image/zhitian/yuchai/linghun.gif]
[sky.geocities.jp/icearbaby/zhitian/yuchai.html]
[sky.geocities.jp/icearbaby/image/zhitian/yuchai/fenshen.jpg]
[sky.geocities.jp/icearbaby/image/zhitian/shitian/xiudu.png]
[sky.geocities.jp/icearbaby/image/zhitian/shitian/laoshu.png]
[sky.geocities.jp/icearbaby/image/zhitian/shitian/jizhi.gif]
[sky.geocities.jp/icearbaby/image/zhitian/shitian/wuying.jpg]
[sky.geocities.jp/icearbaby/zhitian/shitian.html]
[sky.geocities.jp/icearbaby/image/zhitian/danyu/danyu.jpg]
[sky.geocities.jp/icearbaby/image/zhitian/danyu/huanlang.jpg]
[sky.geocities.jp/icearbaby/image/zhitian/danyu/diya.png]
[sky.geocities.jp/icearbaby/image/zhitian/danyu/huohai.png]
[sky.geocities.jp/icearbaby/image/zhitian/danyu/hongfu.png]
[sky.geocities.jp/icearbaby/zhitian/danyu.html]
[sky.geocities.jp/icearbaby/image/zhitian/senlan/senlan.jpg]
[sky.geocities.jp/icearbaby/image/zhitian/senlan/haolei.jpg]
[sky.geocities.jp/icearbaby/image/zhitian/senlan/shunbu.png]
[sky.geocities.jp/icearbaby/image/zhitian/senlan/lanshi.png]
[sky.geocities.jp/icearbaby/image/zhitian/senlan/wuyue.jpg]
[sky.geocities.jp/icearbaby/zhitian/senlan.html]
[sky.geocities.jp/icearbaby/image/zhitian/longchuan/longchuan.jpg]
[sky.geocities.jp/icearbaby/image/zhitian/longchuan/xiangzhan.jpg]
[sky.geocities.jp/icearbaby/image/zhitian/longchuan/fangzhu.png]
[sky.geocities.jp/icearbaby/image/zhitian/longchuan/hunzhan.jpg]
[sky.geocities.jp/icearbaby/image/zhitian/longchuan/kongjian.jpg]
[sky.geocities.jp/icearbaby/zhitian/longchuan.html]
[sky.geocities.jp/icearbaby/image/zhitian/zhengxin/zhengxin.jpg]
[sky.geocities.jp/icearbaby/image/zhitian/zhengxin/yaohuo.png]
[sky.geocities.jp/icearbaby/image/zhitian/zhengxin/quti.jpg]
[sky.geocities.jp/icearbaby/image/zhitian/zhengxin/ruohua.png]
[sky.geocities.jp/icearbaby/zhitian/zhengxin.html]
[sky.geocities.jp/icearbaby/image/zhitian/zhengxin/heian.jpg]
[sky.geocities.jp/icearbaby/image/zhitian/asong/asong.jpg]
[sky.geocities.jp/icearbaby/image/zhitian/asong/hanshuang.png]
[sky.geocities.jp/icearbaby/image/zhitian/asong/bingshan.png]
[sky.geocities.jp/icearbaby/image/zhitian/asong/bingshuang.png]
[sky.geocities.jp/icearbaby/image/zhitian/asong/xuenu.jpg]
[sky.geocities.jp/icearbaby/zhitian/asong.html]
[sky.geocities.jp/icearbaby/image/zhitian/daozuo/daozuo.gif]
[sky.geocities.jp/icearbaby/image/zhitian/daozuo/zhiyan.jpg]
[sky.geocities.jp/icearbaby/image/zhitian/daozuo/huwei.jpg]
[sky.geocities.jp/icearbaby/image/zhitian/daozuo/linghuo.jpg]
[sky.geocities.jp/icearbaby/image/zhitian/daozuo/liehuo.jpg]
[sky.geocities.jp/icearbaby/zhitian/daozuo.html]
[sky.geocities.jp/icearbaby/image/lianhe/zahe/zahe.png]
[sky.geocities.jp/icearbaby/image/lianhe/zahe/juji.png]
[sky.geocities.jp/icearbaby/image/lianhe/zahe/hezhong.png]
[sky.geocities.jp/icearbaby/image/lianhe/zahe/yutie.png]
[sky.geocities.jp/icearbaby/image/lianhe/zahe/sanduan.png]
[sky.geocities.jp/icearbaby/lianhe/zahe.html]
[sky.geocities.jp/icearbaby/image/lianhe/fengmo/fengmo.png]
[sky.geocities.jp/icearbaby/image/lianhe/fengmo/mizong.png]
[sky.geocities.jp/icearbaby/image/lianhe/fengmo/zhijing.png]
[sky.geocities.jp/icearbaby/image/lianhe/fengmo/shouli.png]
[sky.geocities.jp/icearbaby/lianhe/fengmo.html]
[sky.geocities.jp/icearbaby/image/lianhe/fengmo/sifang.jpg]
[sky.geocities.jp/icearbaby/image/lianhe/zhaoxin/zhaoxin.png]
[sky.geocities.jp/icearbaby/image/lianhe/zhaoxin/kuizhi.png]
[sky.geocities.jp/icearbaby/image/lianhe/zhaoxin/jingang.png]
[sky.geocities.jp/icearbaby/image/lianhe/zhaoxin/guaili.png]
[sky.geocities.jp/icearbaby/image/lianhe/zhaoxin/zhongkui.png]
[sky.geocities.jp/icearbaby/lianhe/zhaoxin.html]
[sky.geocities.jp/icearbaby/image/lianhe/yida/yida.gif]
[sky.geocities.jp/icearbaby/image/lianhe/yida/tahuo.png]
[sky.geocities.jp/icearbaby/image/lianhe/yida/huoyan.png]
[sky.geocities.jp/icearbaby/image/lianhe/yida/linghuo.jpg]
[sky.geocities.jp/icearbaby/image/lianhe/yida/huosheng.png]
[sky.geocities.jp/icearbaby/lianhe/yida.html]
[sky.geocities.jp/icearbaby/image/lianhe/maoli/maoli.png]
[sky.geocities.jp/icearbaby/image/lianhe/maoli/kuansuo.png]
[sky.geocities.jp/icearbaby/image/lianhe/maoli/tianlei.png]
[sky.geocities.jp/icearbaby/image/lianhe/maoli/sanshi.png]
[sky.geocities.jp/icearbaby/image/lianhe/maoli/shengguang.png]
[sky.geocities.jp/icearbaby/lianhe/maoli.html]
[sky.geocities.jp/icearbaby/image/lianhe/zhentian/zhentian.png]
[sky.geocities.jp/icearbaby/image/lianhe/zhentian/yongshi.png]
[sky.geocities.jp/icearbaby/image/lianhe/zhentian/yatu.png]
[sky.geocities.jp/icearbaby/image/lianhe/zhentian/xinyan.png]
[sky.geocities.jp/icearbaby/image/lianhe/zhentian/yibing.png]
[sky.geocities.jp/icearbaby/lianhe/zhentian.html]
[sky.geocities.jp/icearbaby/image/lianhe/zuli/zuli.png]
[sky.geocities.jp/icearbaby/image/lianhe/zuli/jiashi.jpg]
[sky.geocities.jp/icearbaby/image/lianhe/zuli/huiguang.png]
[sky.geocities.jp/icearbaby/image/lianhe/zuli/xingluo.png]
[sky.geocities.jp/icearbaby/lianhe/zuli.html]
[sky.geocities.jp/icearbaby/image/lianhe/zuli/tianxia.png]
[sky.geocities.jp/icearbaby/image/lianhe/qianjing/qianjing.png]
[sky.geocities.jp/icearbaby/image/lianhe/qianjing/duankong.png]
[sky.geocities.jp/icearbaby/image/lianhe/qianjing/ya.png]
[sky.geocities.jp/icearbaby/image/lianhe/qianjing/shun.png]
[sky.geocities.jp/icearbaby/image/lianhe/qianjing/hun.png]
[sky.geocities.jp/icearbaby/image/lianhe/qianjing/kongya.png]
[sky.geocities.jp/icearbaby/lianhe/qianjing.html]
[sky.geocities.jp/icearbaby/image/lianhe/changxing/changxing.png]
[sky.geocities.jp/icearbaby/image/lianhe/changxing/luolei.jpg]
[sky.geocities.jp/icearbaby/image/lianhe/changxing/shuibao.png]
[sky.geocities.jp/icearbaby/image/lianhe/changxing/tufu.png]
[sky.geocities.jp/icearbaby/image/lianhe/changxing/kuangfeng.png]
[sky.geocities.jp/icearbaby/lianhe/changxing.html]
[sky.geocities.jp/icearbaby/image/lianhe/sanhao/sanhao.png]
[sky.geocities.jp/icearbaby/image/lianhe/sanhao/zisi.png]
[sky.geocities.jp/icearbaby/image/lianhe/sanhao/heiyan.png]
[sky.geocities.jp/icearbaby/image/lianhe/sanhao/wushi.png]
[sky.geocities.jp/icearbaby/lianhe/sanhao.html]
[sky.geocities.jp/icearbaby/image/lianhe/sanhao/shenyuan.png]
[sky.geocities.jp/icearbaby/image/lianhe/juji/juji.png]
[sky.geocities.jp/icearbaby/image/lianhe/juji/zhenkong.png]
[sky.geocities.jp/icearbaby/image/lianhe/juji/yingyu.png]
[sky.geocities.jp/icearbaby/image/lianhe/juji/zhizhu.png]
[sky.geocities.jp/icearbaby/image/lianhe/juji/fenshen.png]
[sky.geocities.jp/icearbaby/image/lianhe/juji/yaxi.png]
[sky.geocities.jp/icearbaby/lianhe/juji.html]
[sky.geocities.jp/icearbaby/image/lianhe/baidi/baidi.jpg]
[sky.geocities.jp/icearbaby/image/lianhe/baidi/beici.jpg]
[sky.geocities.jp/icearbaby/image/lianhe/baidi/dundi.jpg]
[sky.geocities.jp/icearbaby/image/lianhe/baidi/cuimian.jpg]
[sky.geocities.jp/icearbaby/image/lianhe/baidi/yinlei.jpg]
[sky.geocities.jp/icearbaby/image/lianhe/baidi/baofeng.jpg]
[sky.geocities.jp/icearbaby/lianhe/baidi.html]
[sky.geocities.jp/icearbaby/image/lianhe/piancang/piancang.gif]
[sky.geocities.jp/icearbaby/image/lianhe/piancang/badao.png]
[sky.geocities.jp/icearbaby/image/lianhe/piancang/jinshi.png]
[sky.geocities.jp/icearbaby/image/lianhe/piancang/daoshu.jpg]
[sky.geocities.jp/icearbaby/image/lianhe/piancang/yingzhi.png]
[sky.geocities.jp/icearbaby/lianhe/piancang.html]
[sky.geocities.jp/icearbaby/image/lianhe/jinchuan/jinchuan.png]
[sky.geocities.jp/icearbaby/image/lianhe/jinchuan/juren.png]
[sky.geocities.jp/icearbaby/image/lianhe/jinchuan/lieyan.png]
[sky.geocities.jp/icearbaby/image/lianhe/jinchuan/waipi.png]
[sky.geocities.jp/icearbaby/image/lianhe/jinchuan/yigong.png]
[sky.geocities.jp/icearbaby/lianhe/jinchuan.html]
[sites.google.com/site/xinzhangciyewang2/zhi-tian-jun-ying-xiong/lian-he-jun/shang-quan-xin-gang/1.2ea6fb5.delayed]
[sky.geocities.jp/icearbaby/image/lianhe/xingang/xingang.jpg]
[sites.google.com/site/xinzhangciyewang2/zhi-tian-jun-ying-xiong/lian-he-jun/shang-quan-xin-gang/16fb5.html]
[sky.geocities.jp/icearbaby/image/lianhe/xingang/jiansheng.jpg]
[sky.geocities.jp/icearbaby/image/lianhe/xingang/yishan.jpg]
[sky.geocities.jp/icearbaby/image/lianhe/xingang/xinyin.jpg]
[sky.geocities.jp/icearbaby/image/lianhe/xingang/bisheng.png]
[sky.geocities.jp/icearbaby/lianhe/xingang.html]
[sky.geocities.jp/icearbaby/image/lianhe/wuyin/wuyin.png]
[sky.geocities.jp/icearbaby/image/lianhe/wuyin/mizong.png]
[sky.geocities.jp/icearbaby/image/lianhe/wuyin/lijian.png]
[sky.geocities.jp/icearbaby/image/lianhe/wuyin/huixuan.png]
[sky.geocities.jp/icearbaby/image/lianhe/wuyin/bianhua.png]
[sky.geocities.jp/icearbaby/lianhe/wuyin.html]
[sky.geocities.jp/icearbaby/image/lianhe/huyi/huyi.png]
[sky.geocities.jp/icearbaby/image/lianhe/huyi/qixu.png]
[sky.geocities.jp/icearbaby/image/lianhe/huyi/zhici.gif]
[sky.geocities.jp/icearbaby/image/lianhe/huyi/shufu.png]
[sky.geocities.jp/icearbaby/image/lianhe/huyi/mozhua.png]
[sky.geocities.jp/icearbaby/lianhe/huyi.html]
[sky.geocities.jp/icearbaby/image/lianhe/yuzuo/yuzuo.png]
[sites.google.com/site/xinzhangciyewang2/zhi-tian-jun-ying-xiong/lian-he-jun/yu-zuo-mei-ding-man/111.2fc6fb5.delayed]
[sites.google.com/site/xinzhangciyewang2/zhi-tian-jun-ying-xiong/lian-he-jun/yu-zuo-mei-ding-man/111.2fd6fb5.delayed]
[sky.geocities.jp/icearbaby/image/lianhe/yuzuo/junhe.png]
[sky.geocities.jp/icearbaby/image/lianhe/yuzuo/shuilong.png]
[sky.geocities.jp/icearbaby/image/lianhe/yuzuo/bingmao.png]
[sky.geocities.jp/icearbaby/image/lianhe/yuzuo/yuehou.jpg]
[sky.geocities.jp/icearbaby/image/lianhe/yuzuo/chexuan.png]
[sky.geocities.jp/icearbaby/lianhe/yuzuo.html]
[sky.geocities.jp/icearbaby/image/lianhe/shanxian/shanxian.png]
[sky.geocities.jp/icearbaby/image/lianhe/shanxian/yanchong.png]
[sky.geocities.jp/icearbaby/image/lianhe/shanxian/huaimie.gif]
[sky.geocities.jp/icearbaby/image/lianhe/shanxian/fensui.png]
[sky.geocities.jp/icearbaby/lianhe/shanxian.html]
[sky.geocities.jp/icearbaby/image/lianhe/shanxian/chibei.png]
[sky.geocities.jp/icearbaby/image/lianhe/machang/machang.jpg]
[sky.geocities.jp/icearbaby/image/lianhe/machang/guizhan.jpg]
[sky.geocities.jp/icearbaby/image/lianhe/machang/shayi.jpg]
[sky.geocities.jp/icearbaby/image/lianhe/machang/lingjun.png]
[sky.geocities.jp/icearbaby/image/lianhe/machang/busi.jpg]
[sky.geocities.jp/icearbaby/lianhe/machang.html]
[sky.geocities.jp/icearbaby/image/lianhe/taiyuan/taiyuan.png]
[sky.geocities.jp/icearbaby/image/lianhe/taiyuan/ziran.png]
[sky.geocities.jp/icearbaby/image/lianhe/taiyuan/zhili.png]
[sky.geocities.jp/icearbaby/image/lianhe/taiyuan/jinghua.png]
[sky.geocities.jp/icearbaby/image/lianhe/taiyuan/tianfa.png]
[sky.geocities.jp/icearbaby/lianhe/taiyuan.html]
[sky.geocities.jp/icearbaby/image/lianhe/benyuan/benyuan.png]
[sky.geocities.jp/icearbaby/image/lianhe/benyuan/baigu.png]
[sky.geocities.jp/icearbaby/image/lianhe/benyuan/tuimo.png]
[sky.geocities.jp/icearbaby/image/lianhe/benyuan/chumo.png]
[sky.geocities.jp/icearbaby/image/lianhe/benyuan/shouzhi.png]
[sky.geocities.jp/icearbaby/lianhe/benyuan.html]
[sky.geocities.jp/icearbaby/image/lianhe/benyuan/diyu.png]
[sky.geocities.jp/icearbaby/image/lianhe/wangyue/wangyue.jpg]
[sky.geocities.jp/icearbaby/image/lianhe/wangyue/renquan.jpg]
[sky.geocities.jp/icearbaby/image/lianhe/wangyue/sanhua.jpg]
[sky.geocities.jp/icearbaby/image/lianhe/wangyue/xunlei.png]
[sky.geocities.jp/icearbaby/image/lianhe/wangyue/yanwu.jpg]
[sky.geocities.jp/icearbaby/lianhe/wangyue.html]
[sky.geocities.jp/icearbaby/image/lianhe/guixiao/guixiao.png]
[sky.geocities.jp/icearbaby/image/lianhe/guixiao/qishu.png]
[sky.geocities.jp/icearbaby/image/lianhe/guixiao/liyan.png]
[sky.geocities.jp/icearbaby/image/lianhe/guixiao/hudun.png]
[sky.geocities.jp/icearbaby/image/lianhe/guixiao/tianbeng.png]
[sky.geocities.jp/icearbaby/lianhe/guixiao.html]
[sky.geocities.jp/icearbaby/image/lianhe/songyong/songyong.png]
[sky.geocities.jp/icearbaby/image/lianhe/songyong/huogong.png]
[sky.geocities.jp/icearbaby/image/lianhe/songyong/kunbang.png]
[sky.geocities.jp/icearbaby/image/lianhe/songyong/fengbao.png]
[sky.geocities.jp/icearbaby/image/lianhe/songyong/dadi.png]
[sky.geocities.jp/icearbaby/lianhe/songyong.html]
[sky.geocities.jp/icearbaby/image/lianhe/cunshang/cunshang.png]
[sky.geocities.jp/icearbaby/image/lianhe/cunshang/wuwang.png]
[sky.geocities.jp/icearbaby/image/lianhe/cunshang/dongdi.png]
[sky.geocities.jp/icearbaby/image/lianhe/cunshang/zhendi.png]
[sky.geocities.jp/icearbaby/image/lianhe/cunshang/shiqi.png]
[sky.geocities.jp/icearbaby/image/lianhe/cunshang/f5_4.gif.png]
[sky.geocities.jp/icearbaby/lianhe/cunshang.html]
[sky.geocities.jp/icearbaby/image/lianhe/shiqi/shiqi.png]
[sky.geocities.jp/icearbaby/image/lianhe/shiqi/tuji.jpg]
[sky.geocities.jp/icearbaby/image/lianhe/shiqi/chilie.png]
[sky.geocities.jp/icearbaby/image/lianhe/shiqi/lianyu.png]
[sky.geocities.jp/icearbaby/image/lianhe/shiqi/xiewang.png]
[sky.geocities.jp/icearbaby/lianhe/shiqi.html]
[sky.geocities.jp/icearbaby/image/lianhe/shangshan/shangshan.png]
[sky.geocities.jp/icearbaby/image/lianhe/shangshan/junshen.png]
[sky.geocities.jp/icearbaby/image/lianhe/shangshan/shenlie.png]
[sky.geocities.jp/icearbaby/image/lianhe/shangshan/shenshan.png]
[sky.geocities.jp/icearbaby/image/lianhe/shangshan/shenzhan.png]
[sky.geocities.jp/icearbaby/lianhe/shangshan.html]
[sky.geocities.jp/icearbaby/image/lianhe/shangshan/pisha.png]
[sky.geocities.jp/icearbaby/image/lianhe/xinxuan/xinxuan.png]
[sky.geocities.jp/icearbaby/image/lianhe/xinxuan/juru.png]
[sky.geocities.jp/icearbaby/image/lianhe/xinxuan/xuru.png]
[sky.geocities.jp/icearbaby/image/lianhe/xinxuan/qinlue.png]
[sky.geocities.jp/icearbaby/image/lianhe/xinxuan/budong.png]
[sky.geocities.jp/icearbaby/lianhe/xinxuan.html]
[sky.geocities.jp/icearbaby/image/lianhe/zuishang/zuishang.jpg]
[sky.geocities.jp/icearbaby/image/lianhe/zuishang/fushi.jpg]
[sky.geocities.jp/icearbaby/image/lianhe/zuishang/zhizhu.jpg]
[sky.geocities.jp/icearbaby/image/lianhe/zuishang/duqi.jpg]
[sky.geocities.jp/icearbaby/image/lianhe/zuishang/chshen.jpg]
[sky.geocities.jp/icearbaby/lianhe/zuishang.html]
[sky.geocities.jp/icearbaby/image/lianhe/shenglai/shenglai.png]
[sky.geocities.jp/icearbaby/image/lianhe/shenglai/feife.png]
[sky.geocities.jp/icearbaby/image/lianhe/shenglai/rexue.png]
[sky.geocities.jp/icearbaby/image/lianhe/shenglai/silie.png]
[sky.geocities.jp/icearbaby/image/lianhe/shenglai/leiting.png]
[sky.geocities.jp/icearbaby/lianhe/shenglai.html]
[sky.geocities.jp/icearbaby/image/lianhe/zhijiang/zhijiang.jpg]
[sky.geocities.jp/icearbaby/image/lianhe/zhijiang/jinfu.jpg]
[sky.geocities.jp/icearbaby/image/lianhe/zhijiang/hufu.jpg]
[sky.geocities.jp/icearbaby/image/lianhe/zhijiang/zhifu.jpg]
[sky.geocities.jp/icearbaby/lianhe/zhijiang.html]
[sky.geocities.jp/icearbaby/image/lianhe/zhijiang/shazhi.png]
[sky.geocities.jp/icearbaby/image/zhongli/dayou/dayou.jpg]
[sky.geocities.jp/icearbaby/image/zhongli/dayou/xuexing.jpg]
[sky.geocities.jp/icearbaby/image/zhongli/dayou/longjuan.png]
[sky.geocities.jp/icearbaby/image/zhongli/dayou/liliang.jpg]
[sky.geocities.jp/icearbaby/image/zhongli/dayou/xuanwo.png]
[sky.geocities.jp/icearbaby/zhongli/dayou.html]
[sky.geocities.jp/icearbaby/image/zhongli/zhaiteng/zhaiteng.png]
[sky.geocities.jp/icearbaby/image/zhongli/zhaiteng/huoling.png]
[sky.geocities.jp/icearbaby/image/zhongli/zhaiteng/xishu.png]
[sky.geocities.jp/icearbaby/image/zhongli/zhaiteng/tige.png]
[sky.geocities.jp/icearbaby/image/zhongli/zhaiteng/huolong.png]
[sky.geocities.jp/icearbaby/zhongli/zhaiteng.html]
[sky.geocities.jp/icearbaby/image/zhongli/yuzi/yuzi.jpg]
[sky.geocities.jp/icearbaby/image/zhongli/yuzi/sanlian.png]
[sky.geocities.jp/icearbaby/image/zhongli/yuzi/lieyan.png]
[sky.geocities.jp/icearbaby/image/zhongli/yuzi/jinzhun.jpg]
[sky.geocities.jp/icearbaby/image/zhongli/yuzi/baijian.png]
[sky.geocities.jp/icearbaby/zhongli/yuzi.html]
[sky.geocities.jp/icearbaby/image/zhongli/guoxin/guoxin.png]
[sites.google.com/site/xinzhangciyewang2/_/rsrc/1250771809002/zhi-tian-jun-ying-xiong/zhong-li-jun/guo-xin-ju-shi/0103286a.35c.delayed]
[sites.google.com/site/xinzhangciyewang2/_/rsrc/1250771809002/zhi-tian-jun-ying-xiong/zhong-li-jun/guo-xin-ju-shi/0103286a.jpg]
[sites.google.com/site/xinzhangciyewang2/_/rsrc/1250771925109/zhi-tian-jun-ying-xiong/zhong-li-jun/guo-xin-ju-shi/g4_5.35e.delayed]
[sites.google.com/site/xinzhangciyewang2/_/rsrc/1250771925109/zhi-tian-jun-ying-xiong/zhong-li-jun/guo-xin-ju-shi/g4_5.gif]
[sites.google.com/site/xinzhangciyewang2/_/rsrc/1250771836171/zhi-tian-jun-ying-xiong/zhong-li-jun/guo-xin-ju-shi/511661a5.360.delayed]
[sites.google.com/site/xinzhangciyewang2/_/rsrc/1250771836171/zhi-tian-jun-ying-xiong/zhong-li-jun/guo-xin-ju-shi/511661a5.jpg]
[sites.google.com/site/xinzhangciyewang2/_/rsrc/1250771914372/zhi-tian-jun-ying-xiong/zhong-li-jun/guo-xin-ju-shi/g4_3.362.delayed]
[sites.google.com/site/xinzhangciyewang2/_/rsrc/1250771914372/zhi-tian-jun-ying-xiong/zhong-li-jun/guo-xin-ju-shi/g4_3.gif]
[sites.google.com/site/xinzhangciyewang2/_/rsrc/1250771948705/zhi-tian-jun-ying-xiong/zhong-li-jun/guo-xin-ju-shi/0148e1d5.364.delayed]
[sites.google.com/site/xinzhangciyewang2/_/rsrc/1250771948705/zhi-tian-jun-ying-xiong/zhong-li-jun/guo-xin-ju-shi/0148e1d5.jpg]
[sky.geocities.jp/icearbaby/zhongli/guoxin.html]
[sky.geocities.jp/icearbaby/image/zhongli/ashi/ashi.png]
[sky.geocities.jp/icearbaby/image/zhongli/ashi/guangzhi.jpg]
[sky.geocities.jp/icearbaby/image/zhongli/ashi/hunzhi.jpg]
[sky.geocities.jp/icearbaby/image/zhongli/ashi/xianjing.jpg]
[sky.geocities.jp/icearbaby/image/zhongli/ashi/shouhu.png]
[sky.geocities.jp/icearbaby/zhongli/ashi.html]
[sky.geocities.jp/icearbaby/image/zhongli/chacha/chacha.gif]
[sky.geocities.jp/icearbaby/image/zhongli/chacha/shun.png]
[sky.geocities.jp/icearbaby/image/zhongli/chacha/liezhan.png]
[sky.geocities.jp/icearbaby/image/zhongli/chacha/duanren.png]
[sky.geocities.jp/icearbaby/image/zhongli/chacha/xuanmu.jpg]
[sky.geocities.jp/icearbaby/image/zhongli/chacha/fangxue.png]
[sky.geocities.jp/icearbaby/zhongli/chacha.html]
[sky.geocities.jp/icearbaby/image/zhongli/songji/burong.jpg]
[sky.geocities.jp/icearbaby/image/zhongli/songji/tanhuan.jpg]
[sky.geocities.jp/icearbaby/image/zhongli/songji/ziwo.jpg]
[sky.geocities.jp/icearbaby/image/zhongli/songji/qixi.jpg]
[sky.geocities.jp/icearbaby/zhongli/songji.html]
[sky.geocities.jp/icearbaby/image/zhongli/changzong/changzong.png]
[sky.geocities.jp/icearbaby/image/zhongli/changzong/yanzhi.jpg]
[sky.geocities.jp/icearbaby/image/zhongli/changzong/guixue.jpg]
[sky.geocities.jp/icearbaby/image/zhongli/changzong/yanwu.jpg]
[sky.geocities.jp/icearbaby/image/zhongli/changzong/guizi.jpg]
[sky.geocities.jp/icearbaby/zhongli/changzong.html]
[sky.geocities.jp/icearbaby/image/zhongli/jiateng/jiateng.jpg]
[sky.geocities.jp/icearbaby/image/zhongli/jiateng/kongchan.jpg]
[sky.geocities.jp/icearbaby/image/zhongli/jiateng/yunyin.png]
[sky.geocities.jp/icearbaby/image/zhongli/jiateng/qianniao.jpg]
[sky.geocities.jp/icearbaby/image/zhongli/jiateng/honglian.jpg]
[sky.geocities.jp/icearbaby/image/zhongli/jiateng/feiyan.jpg]
[sky.geocities.jp/icearbaby/zhongli/jiateng.html]
[sky.geocities.jp/icearbaby/image/zhongli/guangxiu/guangxiu.jpg]
[sites.google.com/site/xinzhangciyewang2/_/rsrc/1250774695799/zhi-tian-jun-ying-xiong/zhong-li-jun/ming-zhi-guang-xiu/222222222.381.delayed]
[sites.google.com/site/xinzhangciyewang2/_/rsrc/1250774695799/zhi-tian-jun-ying-xiong/zhong-li-jun/ming-zhi-guang-xiu/222222222.jpg]
[sites.google.com/site/xinzhangciyewang2/_/rsrc/1250774706964/zhi-tian-jun-ying-xiong/zhong-li-jun/ming-zhi-guang-xiu/3333333333.383.delayed]
[sites.google.com/site/xinzhangciyewang2/_/rsrc/1250774706964/zhi-tian-jun-ying-xiong/zhong-li-jun/ming-zhi-guang-xiu/3333333333.gif]
[sites.google.com/site/xinzhangciyewang2/_/rsrc/1250774717741/zhi-tian-jun-ying-xiong/zhong-li-jun/ming-zhi-guang-xiu/444444444.385.delayed]
[sites.google.com/site/xinzhangciyewang2/_/rsrc/1250774717741/zhi-tian-jun-ying-xiong/zhong-li-jun/ming-zhi-guang-xiu/444444444.gif]
[sites.google.com/site/xinzhangciyewang2/_/rsrc/1250774728784/zhi-tian-jun-ying-xiong/zhong-li-jun/ming-zhi-guang-xiu/5555555555.387.delayed]
[sites.google.com/site/xinzhangciyewang2/_/rsrc/1250774728784/zhi-tian-jun-ying-xiong/zhong-li-jun/ming-zhi-guang-xiu/5555555555.jpg]
[sites.google.com/site/xinzhangciyewang2/_/rsrc/1250774751021/zhi-tian-jun-ying-xiong/zhong-li-jun/ming-zhi-guang-xiu/6666666666.389.delayed]
[sites.google.com/site/xinzhangciyewang2/_/rsrc/1250774751021/zhi-tian-jun-ying-xiong/zhong-li-jun/ming-zhi-guang-xiu/6666666666.jpg]
[sky.geocities.jp/icearbaby/zhongli/guangxiu.html]
[sky.geocities.jp/icearbaby/image/zhongli/xiuman/xiuman.jpg]
[sky.geocities.jp/icearbaby/image/zhongli/xiuman/haibo.png]
[sky.geocities.jp/icearbaby/image/zhongli/xiuman/xihun.jpg]
[sky.geocities.jp/icearbaby/image/zhongli/xiuman/jianshu.jpg]
[sky.geocities.jp/icearbaby/image/zhongli/xiuman/yanjian.jpg]
[sky.geocities.jp/icearbaby/zhongli/xiuman.html]
[sky.geocities.jp/icearbaby/image/zhongli/daojin/daojin.png]
[sky.geocities.jp/icearbaby/image/zhongli/daojin/tiebu.jpg]
[sky.geocities.jp/icearbaby/image/zhongli/daojin/shifu.jpg]
[sky.geocities.jp/icearbaby/image/zhongli/daojin/baolei.jpg]
[sky.geocities.jp/icearbaby/image/zhongli/daojin/zhanchui.jpg]
[sky.geocities.jp/icearbaby/zhongli/daojin.html]
[sky.geocities.jp/icearbaby/image/zhongli/aguo/aguo.png]
[sky.geocities.jp/icearbaby/image/zhongli/aguo/shensu.png]
[sky.geocities.jp/icearbaby/image/zhongli/aguo/diaoling.jpg]
[sky.geocities.jp/icearbaby/image/zhongli/aguo/siwang.png]
[sky.geocities.jp/icearbaby/image/zhongli/aguo/shengguang.jpg]
[sky.geocities.jp/icearbaby/zhongli/aguo.html]
[sites.google.com/site/xinzhangciyewang2/zhi-tian-jun-ying-xiong/zhong-li-jun/qian-tian-qing-ci/11111.39a6fb5.delayed]
[sites.google.com/site/xinzhangciyewang2/_/rsrc/1250776318699/zhi-tian-jun-ying-xiong/zhong-li-jun/qian-tian-qing-ci/11111.39c.delayed]
[sites.google.com/site/xinzhangciyewang2/zhi-tian-jun-ying-xiong/zhong-li-jun/qian-tian-qing-ci/111116fb5.html]
[sites.google.com/site/xinzhangciyewang2/_/rsrc/1250776318699/zhi-tian-jun-ying-xiong/zhong-li-jun/qian-tian-qing-ci/11111.jpg]
[sites.google.com/site/xinzhangciyewang2/zhi-tian-jun-ying-xiong/zhong-li-jun/qian-tian-qing-ci/22222222.39e6fb5.delayed]
[sites.google.com/site/xinzhangciyewang2/_/rsrc/1250776341889/zhi-tian-jun-ying-xiong/zhong-li-jun/qian-tian-qing-ci/22222222.3a0.delayed]
[sites.google.com/site/xinzhangciyewang2/zhi-tian-jun-ying-xiong/zhong-li-jun/qian-tian-qing-ci/222222226fb5.html]
[sites.google.com/site/xinzhangciyewang2/_/rsrc/1250776341889/zhi-tian-jun-ying-xiong/zhong-li-jun/qian-tian-qing-ci/22222222.gif]
[sites.google.com/site/xinzhangciyewang2/zhi-tian-jun-ying-xiong/zhong-li-jun/qian-tian-qing-ci/333333333.3a26fb5.delayed]
[sites.google.com/site/xinzhangciyewang2/_/rsrc/1250776389561/zhi-tian-jun-ying-xiong/zhong-li-jun/qian-tian-qing-ci/333333333.3a4.delayed]
[sites.google.com/site/xinzhangciyewang2/zhi-tian-jun-ying-xiong/zhong-li-jun/qian-tian-qing-ci/3333333336fb5.html]
[sites.google.com/site/xinzhangciyewang2/_/rsrc/1250776389561/zhi-tian-jun-ying-xiong/zhong-li-jun/qian-tian-qing-ci/333333333.jpg]
[sites.google.com/site/xinzhangciyewang2/zhi-tian-jun-ying-xiong/zhong-li-jun/qian-tian-qing-ci/44444444.3a66fb5.delayed]
[sites.google.com/site/xinzhangciyewang2/_/rsrc/1250776415071/zhi-tian-jun-ying-xiong/zhong-li-jun/qian-tian-qing-ci/44444444.3a8.delayed]
[sites.google.com/site/xinzhangciyewang2/zhi-tian-jun-ying-xiong/zhong-li-jun/qian-tian-qing-ci/444444446fb5.html]
[sites.google.com/site/xinzhangciyewang2/_/rsrc/1250776415071/zhi-tian-jun-ying-xiong/zhong-li-jun/qian-tian-qing-ci/44444444.jpg]
[sites.google.com/site/xinzhangciyewang2/zhi-tian-jun-ying-xiong/zhong-li-jun/qian-tian-qing-ci/5555555555.3aa6fb5.delayed]
[sites.google.com/site/xinzhangciyewang2/_/rsrc/1250776431538/zhi-tian-jun-ying-xiong/zhong-li-jun/qian-tian-qing-ci/5555555555.3ac.delayed]
[sites.google.com/site/xinzhangciyewang2/zhi-tian-jun-ying-xiong/zhong-li-jun/qian-tian-qing-ci/55555555556fb5.html]
[sites.google.com/site/xinzhangciyewang2/_/rsrc/1250776431538/zhi-tian-jun-ying-xiong/zhong-li-jun/qian-tian-qing-ci/5555555555.jpg]
[sky.geocities.jp/icearbaby/zhongli/qingci.html]
[sky.geocities.jp/icearbaby/image/zhongli/weimen/weimen.jpg]
[sky.geocities.jp/icearbaby/image/zhongli/weimen/daozei.jpg]
[sky.geocities.jp/icearbaby/image/zhongli/weimen/kuangqi.jpg]
[sky.geocities.jp/icearbaby/image/zhongli/weimen/sharen.jpg]
[sky.geocities.jp/icearbaby/image/zhongli/weimen/yeman.jpg]
[sky.geocities.jp/icearbaby/image/zhongli/weimen/qiangjie.jpg]
[sky.geocities.jp/icearbaby/zhongli/weimen.html]
[sky.geocities.jp/icearbaby/image/zhongli/daoxue/daoxue.jpg]
[sky.geocities.jp/icearbaby/image/zhongli/daoxue/yumo.jpg]
[sky.geocities.jp/icearbaby/image/zhongli/daoxue/zhigu.jpg]
[sky.geocities.jp/icearbaby/image/zhongli/daoxue/shandian.png]
[sky.geocities.jp/icearbaby/zhongli/daoxue.html]
[sky.geocities.jp/icearbaby/image/zhongli/daoxue/leishen.png]
[sky.geocities.jp/icearbaby/image/zhongli/cilang/cilang.jpg]
[sky.geocities.jp/icearbaby/image/zhongli/cilang/yan.jpg]
[sky.geocities.jp/icearbaby/image/zhongli/cilang/fan.jpg]
[sky.geocities.jp/icearbaby/image/zhongli/cilang/yanliu.jpg]
[sky.geocities.jp/icearbaby/image/zhongli/cilang/diyan.png]
[sky.geocities.jp/icearbaby/zhongli/cilang.html]
[sky.geocities.jp/icearbaby/image/zhongli/qianqia/qianqia.jpg]
[sky.geocities.jp/icearbaby/image/zhongli/qianqia/shuangci.gif]
[sky.geocities.jp/icearbaby/image/zhongli/qianqia/baire.gif]
[sky.geocities.jp/icearbaby/image/zhongli/qianqia/bingling.gif]
[sky.geocities.jp/icearbaby/image/zhongli/qianqia/pojia.gif]
[sky.geocities.jp/icearbaby/zhongli/qianqia.html]
[sky.geocities.jp/icearbaby/image/zhongli/xiangzong/xiangzong.jpg]
[sky.geocities.jp/icearbaby/image/zhongli/xiangzong/heilong.jpg]
[sky.geocities.jp/icearbaby/image/zhongli/xiangzong/duoqu.jpg]
[sky.geocities.jp/icearbaby/image/zhongli/xiangzong/xinyan.jpg]
[sky.geocities.jp/icearbaby/image/zhongli/xiangzong/shenglong.png]
[sky.geocities.jp/icearbaby/zhongli/xiangzong.html]
[sky.geocities.jp/icearbaby/image/zhongli/zongmao/zongmao.jpg]
[sky.geocities.jp/icearbaby/image/zhongli/zongmao/leiqie.png]
[sky.geocities.jp/icearbaby/image/zhongli/zongmao/zhiji.png]
[sky.geocities.jp/icearbaby/image/zhongli/zongmao/leiyan.png]
[sky.geocities.jp/icearbaby/zhongli/zongmao.html]
[sky.geocities.jp/icearbaby/image/zhongli/zongmao/wushuang.png]
[sky.geocities.jp/icearbaby/image/zhongli/gongben/gongben.png]
[sky.geocities.jp/icearbaby/image/zhongli/gongben/yuezhan.png]
[sky.geocities.jp/icearbaby/image/zhongli/gongben/lianhuan.png]
[sky.geocities.jp/icearbaby/image/zhongli/gongben/yiliu.png]
[sky.geocities.jp/icearbaby/image/zhongli/gongben/zhenzhan.png]
[sky.geocities.jp/icearbaby/zhongli/gongben.html]
[sites.google.com/site/xinzhangciyewang2/zhan-fa-zi-liao/3336fb5.html]
[sites.google.com/site/xinzhangciyewang2/zhan-fa-zi-liao/4446fb5.html]
[sites.google.com/site/xinzhangciyewang2/zhan-fa-zi-liao/5556fb5.html]
[sites.google.com/site/xinzhangciyewang2/zhan-fa-zi-liao/6666fb5.html]
[sites.google.com/site/xinzhangciyewang2/zhan-fa-zi-liao/7776fb5.html]
[sites.google.com/site/xinzhangciyewang2/zhan-fa-zi-liao/8886fb5.html]
[sky.geocities.jp/icearbaby/jiaoxue/dechuan.html]
[sky.geocities.jp/icearbaby/jiaoxue/daoji.html]
[sky.geocities.jp/icearbaby/jiaoxue/shichuan.html]
[sky.geocities.jp/icearbaby/jiaoxue/zhuzhong.html]
[sky.geocities.jp/icearbaby/jiaoxue/jiujing.html]
[sky.geocities.jp/icearbaby/jiaoxue/jingyi.html]
[sky.geocities.jp/icearbaby/jiaoxue/benduo.html]
[sky.geocities.jp/icearbaby/jiaoxue/shenyuan.html]
[sky.geocities.jp/icearbaby/jiaoxue/fengxu.html]
[sky.geocities.jp/icearbaby/jiaoxue/pingshou.html]
[sky.geocities.jp/icearbaby/jiaoxue/daosan.html]
[sky.geocities.jp/icearbaby/jiaoxue/fubu.html]
[sky.geocities.jp/icearbaby/jiaoxue/lijia.html]
[sky.geocities.jp/icearbaby/jiaoxue/ningning.html]
[sky.geocities.jp/icearbaby/jiaoxue/liusheng.html]
[sky.geocities.jp/icearbaby/jiaoxue/chengzheng.html]
[sky.geocities.jp/icearbaby/jiaoxue/daoye.html]
[sky.geocities.jp/icearbaby/jiaoxue/heitian.html]
[sky.geocities.jp/icearbaby/jiaoxue/jiugui.html]
[sky.geocities.jp/icearbaby/jiaoxue/ruilong.html]
[sky.geocities.jp/icearbaby/jiaoxue/xianshi.html]
[sky.geocities.jp/icearbaby/jiaoxue/zhitian.html]
[sky.geocities.jp/icearbaby/jiaoxue/nongji.html]
[sky.geocities.jp/icearbaby/jiaoxue/chaitian.html]
[sky.geocities.jp/icearbaby/jiaoxue/yuchai.html]
[sky.geocities.jp/icearbaby/jiaoxue/shitian.html]
[sky.geocities.jp/icearbaby/jiaoxue/danyu.html]
[sky.geocities.jp/icearbaby/jiaoxue/senlan.html]
[sky.geocities.jp/icearbaby/jiaoxue/longchuan.html]
[sky.geocities.jp/icearbaby/jiaoxue/zhengxin.html]
[sky.geocities.jp/icearbaby/jiaoxue/asong.html]
[sky.geocities.jp/icearbaby/jiaoxue/daozuo.html]
[sky.geocities.jp/icearbaby/jiaoxue/zahe.html]
[sky.geocities.jp/icearbaby/jiaoxue/fengmo.html]
[sky.geocities.jp/icearbaby/jiaoxue/zhaoxin.html]
[sky.geocities.jp/icearbaby/jiaoxue/yida.html]
[sky.geocities.jp/icearbaby/jiaoxue/maoli.html]
[sky.geocities.jp/icearbaby/jiaoxue/zhentian.html]
[sky.geocities.jp/icearbaby/jiaoxue/zuli.html]
[sky.geocities.jp/icearbaby/jiaoxue/qianjing.html]
[sky.geocities.jp/icearbaby/jiaoxue/changxing.html]
[sky.geocities.jp/icearbaby/jiaoxue/sanhao.html]
[sky.geocities.jp/icearbaby/jiaoxue/juji.html]
[sky.geocities.jp/icearbaby/jiaoxue/baidi.html]
[sky.geocities.jp/icearbaby/jiaoxue/piancang.html]
[sky.geocities.jp/icearbaby/jiaoxue/jinchuan.html]
[sky.geocities.jp/icearbaby/jiaoxue/xingang.html]
[sky.geocities.jp/icearbaby/jiaoxue/wuyin.html]
[sky.geocities.jp/icearbaby/jiaoxue/huyi.html]
[sky.geocities.jp/icearbaby/jiaoxue/yuzuo.html]
[sky.geocities.jp/icearbaby/jiaoxue/shanxian.html]
[sky.geocities.jp/icearbaby/jiaoxue/machang.html]
[sky.geocities.jp/icearbaby/jiaoxue/taiyuan.html]
[sky.geocities.jp/icearbaby/jiaoxue/benyuan.html]
[sky.geocities.jp/icearbaby/jiaoxue/wangyue.html]
[sky.geocities.jp/icearbaby/jiaoxue/guixiao.html]
[sky.geocities.jp/icearbaby/jiaoxue/songyong.html]
[sky.geocities.jp/icearbaby/jiaoxue/cunshang.html]
[sky.geocities.jp/icearbaby/jiaoxue/shiqi.html]
[sky.geocities.jp/icearbaby/jiaoxue/shangshan.html]
[sky.geocities.jp/icearbaby/jiaoxue/xinxuan.html]
[sky.geocities.jp/icearbaby/jiaoxue/zuishang.html]
[sky.geocities.jp/icearbaby/jiaoxue/shenglai.html]
[sky.geocities.jp/icearbaby/jiaoxue/zhijiang.html]
[sky.geocities.jp/icearbaby/jiaoxue/dayou.html]
[sky.geocities.jp/icearbaby/jiaoxue/zhaiteng.html]
[sky.geocities.jp/icearbaby/jiaoxue/yuzi.html]
[sky.geocities.jp/icearbaby/jiaoxue/guoxin.html]
[sky.geocities.jp/icearbaby/jiaoxue/ashi.html]
[sky.geocities.jp/icearbaby/jiaoxue/chacha.html]
[sky.geocities.jp/icearbaby/jiaoxue/songji.html]
[sky.geocities.jp/icearbaby/jiaoxue/changzong.html]
[sky.geocities.jp/icearbaby/jiaoxue/jiateng.html]
[sky.geocities.jp/icearbaby/jiaoxue/guangxiu.html]
[sky.geocities.jp/icearbaby/jiaoxue/xiuman.html]
[sky.geocities.jp/icearbaby/jiaoxue/daojin.html]
[sky.geocities.jp/icearbaby/jiaoxue/aguo.html]
[sky.geocities.jp/icearbaby/jiaoxue/qingci.html]
[sky.geocities.jp/icearbaby/jiaoxue/weimen.html]
[sky.geocities.jp/icearbaby/jiaoxue/daoxue.html]
[sky.geocities.jp/icearbaby/jiaoxue/cilang.html]
[sky.geocities.jp/icearbaby/jiaoxue/qianqia.html]
[sky.geocities.jp/icearbaby/jiaoxue/xiangzong.html]
[sky.geocities.jp/icearbaby/jiaoxue/zongmao.html]
[sky.geocities.jp/icearbaby/jiaoxue/gongben.html]
[sites.google.com/site/xinzhangciyewang2/zhi-tian-jun-ying-xiong/lian-he-jun/shang-quan-xin-gang/16fb5.html]
[sites.google.com/site/xinzhangciyewang2/zhi-tian-jun-ying-xiong/zhong-li-jun/qian-tian-qing-ci/111116fb5.html]
[sites.google.com/site/xinzhangciyewang2/zhi-tian-jun-ying-xiong/zhong-li-jun/qian-tian-qing-ci/222222226fb5.html]
[sites.google.com/site/xinzhangciyewang2/zhi-tian-jun-ying-xiong/zhong-li-jun/qian-tian-qing-ci/3333333336fb5.html]
[sites.google.com/site/xinzhangciyewang2/zhi-tian-jun-ying-xiong/zhong-li-jun/qian-tian-qing-ci/444444446fb5.html]
[sites.google.com/site/xinzhangciyewang2/zhi-tian-jun-ying-xiong/zhong-li-jun/qian-tian-qing-ci/55555555556fb5.html]
[sky.geocities.jp/icearbaby/map/112B_FAF_FixE.zip]
[sites.google.com/site/xinzhangciyewang2/_/rsrc/1443165222000/system/app/images/spinner.gif]
[sites.google.com/site/xinzhangciyewang2/_/rsrc/1443165222000/system/app/images/camelot.png]
[sites.google.com/site/xinzhangciyewang2/_/rsrc/1443165222000/system/app/css/camelot/dashboard.css]
[sites.google.com/site/xinzhangciyewang2/_/rsrc/1443165222000/system/app/css/camelot/error.css]
